Component: ARM Compiler 5.06 (build 20) Tool: armlink [4d35a3]

==============================================================================

Section Cross References

    main.o(i.DeviceNameFromID) refers to _printf_pad.o(.text) for _printf_pre_padding
    main.o(i.DeviceNameFromID) refers to _printf_percent.o(.ARM.Collect$$_printf_percent$$00000000) for _printf_percent
    main.o(i.DeviceNameFromID) refers to _printf_x.o(.ARM.Collect$$_printf_percent$$0000000C) for _printf_x
    main.o(i.DeviceNameFromID) refers to _printf_hex_int.o(.text) for _printf_longlong_hex
    main.o(i.DeviceNameFromID) refers to strncpy.o(.text) for strncpy
    main.o(i.DeviceNameFromID) refers to ds2401.o(i.ds2401_initAndRead) for ds2401_initAndRead
    main.o(i.DeviceNameFromID) refers to noretval__2sprintf.o(.text) for __2sprintf
    main.o(i.DeviceNameFromID) refers to ds2401.o(.data) for ds2401_id
    main.o(i.advertising_init) refers to rt_memclr.o(.text) for __aeabi_memclr4
    main.o(i.advertising_init) refers to ble_advdata.o(i.ble_advdata_set) for ble_advdata_set
    main.o(i.advertising_init) refers to main.o(i.app_error_handler) for app_error_handler
    main.o(i.advertising_init) refers to ble_advertising.o(i.ble_advertising_init) for ble_advertising_init
    main.o(i.advertising_init) refers to main.o(.constdata) for .constdata
    main.o(i.advertising_init) refers to main.o(.bss) for m_AD7746
    main.o(i.advertising_init) refers to main.o(i.on_adv_evt) for on_adv_evt
    main.o(i.advertising_start) refers to ble_advertising.o(i.ble_advertising_start) for ble_advertising_start
    main.o(i.advertising_start) refers to main.o(i.app_error_handler) for app_error_handler
    main.o(i.app_error_handler) refers to ble_debug_assert_handler.o(i.ble_debug_assert_handler) for ble_debug_assert_handler
    main.o(i.app_on_adv_timeout) refers to bsp.o(i.bsp_indication_set) for bsp_indication_set
    main.o(i.app_on_adv_timeout) refers to main.o(i.app_error_handler) for app_error_handler
    main.o(i.app_on_connect) refers to bsp.o(i.bsp_indication_set) for bsp_indication_set
    main.o(i.app_on_connect) refers to main.o(i.app_error_handler) for app_error_handler
    main.o(i.app_on_connect) refers to main.o(i.nrf_gpio_pin_set) for nrf_gpio_pin_set
    main.o(i.app_on_connect) refers to nrf_delay.o(i.nrf_delay_ms) for nrf_delay_ms
    main.o(i.app_on_connect) refers to main.o(i.nrf_gpio_pin_clear) for nrf_gpio_pin_clear
    main.o(i.app_on_disconnect) refers to main.o(i.app_error_handler) for app_error_handler
    main.o(i.application_timers_start) refers to app_timer.o(i.app_timer_start) for app_timer_start
    main.o(i.application_timers_start) refers to main.o(i.app_error_handler) for app_error_handler
    main.o(i.application_timers_start) refers to main.o(.data) for m_cap_timer_id
    main.o(i.assert_nrf_callback) refers to main.o(i.app_error_handler) for app_error_handler
    main.o(i.ble_evt_dispatch) refers to device_manager_peripheral.o(i.dm_ble_evt_handler) for dm_ble_evt_handler
    main.o(i.ble_evt_dispatch) refers to ble_conn_params.o(i.ble_conn_params_on_ble_evt) for ble_conn_params_on_ble_evt
    main.o(i.ble_evt_dispatch) refers to ble_ad7746.o(i.ble_AD7746_on_ble_evt) for ble_AD7746_on_ble_evt
    main.o(i.ble_evt_dispatch) refers to main.o(i.on_ble_evt) for on_ble_evt
    main.o(i.ble_evt_dispatch) refers to ble_advertising.o(i.ble_advertising_on_ble_evt) for ble_advertising_on_ble_evt
    main.o(i.ble_evt_dispatch) refers to main.o(.bss) for m_AD7746
    main.o(i.ble_stack_init) refers to softdevice_handler.o(i.softdevice_handler_init) for softdevice_handler_init
    main.o(i.ble_stack_init) refers to main.o(i.app_error_handler) for app_error_handler
    main.o(i.ble_stack_init) refers to softdevice_handler.o(i.softdevice_ble_evt_handler_set) for softdevice_ble_evt_handler_set
    main.o(i.ble_stack_init) refers to softdevice_handler.o(i.softdevice_sys_evt_handler_set) for softdevice_sys_evt_handler_set
    main.o(i.ble_stack_init) refers to main.o(.bss) for BLE_EVT_BUFFER
    main.o(i.ble_stack_init) refers to main.o(i.ble_evt_dispatch) for ble_evt_dispatch
    main.o(i.ble_stack_init) refers to main.o(i.sys_evt_dispatch) for sys_evt_dispatch
    main.o(i.blockSend) refers to main.o(.bss) for m_AD7746
    main.o(i.blockSend) refers to main.o(.data) for finishedADC
    main.o(i.button_event_handler) refers to main.o(i.nrf_gpio_pin_set) for nrf_gpio_pin_set
    main.o(i.button_event_handler) refers to nrf_delay.o(i.nrf_delay_ms) for nrf_delay_ms
    main.o(i.button_event_handler) refers to main.o(i.nrf_gpio_pin_clear) for nrf_gpio_pin_clear
    main.o(i.conn_params_error_handler) refers to main.o(i.app_error_handler) for app_error_handler
    main.o(i.conn_params_init) refers to rt_memclr.o(.text) for __aeabi_memclr4
    main.o(i.conn_params_init) refers to ble_conn_params.o(i.ble_conn_params_init) for ble_conn_params_init
[...]
    m_event_handler                          0x20002188   Data           4  app_uart.o(.data)
    m_current_state                          0x2000218c   Data           1  app_uart.o(.data)
    .data                                    0x20002190   Section       12  pstorage.o(.data)
    m_next_app_instance                      0x20002190   Data           2  pstorage.o(.data)
    m_next_page_addr                         0x20002194   Data           4  pstorage.o(.data)
    m_round_val                              0x20002198   Data           2  pstorage.o(.data)
    m_module_initialized                     0x2000219a   Data           1  pstorage.o(.data)
    m_swap_state                             0x2000219b   Data           1  pstorage.o(.data)
    .data                                    0x2000219c   Section       28  app_button.o(.data)
    mp_buttons                               0x2000219c   Data           4  app_button.o(.data)
    m_button_count                           0x200021a0   Data           1  app_button.o(.data)
    m_detection_delay                        0x200021a4   Data           4  app_button.o(.data)
    m_gpiote_user_id                         0x200021a8   Data           1  app_button.o(.data)
    m_detection_delay_timer_id               0x200021ac   Data           4  app_button.o(.data)
    m_pin_transition                         0x200021b0   Data           8  app_button.o(.data)
    .data                                    0x200021b8   Section       12  app_gpiote.o(.data)
    m_enabled_users_mask                     0x200021b8   Data           4  app_gpiote.o(.data)
    m_user_array_size                        0x200021bc   Data           1  app_gpiote.o(.data)
    m_user_count                             0x200021bd   Data           1  app_gpiote.o(.data)
    mp_users                                 0x200021c0   Data           4  app_gpiote.o(.data)
    .data                                    0x200021c4   Section       14  app_scheduler.o(.data)
    m_queue_event_headers                    0x200021c4   Data           4  app_scheduler.o(.data)
    m_queue_event_data                       0x200021c8   Data           4  app_scheduler.o(.data)
    m_queue_start_index                      0x200021cc   Data           1  app_scheduler.o(.data)
    m_queue_end_index                        0x200021cd   Data           1  app_scheduler.o(.data)
    m_queue_event_size                       0x200021ce   Data           2  app_scheduler.o(.data)
    m_queue_size                             0x200021d0   Data           2  app_scheduler.o(.data)
    .data                                    0x200021d4   Section       42  app_timer.o(.data)
    m_node_array_size                        0x200021d4   Data           1  app_timer.o(.data)
    mp_nodes                                 0x200021d8   Data           4  app_timer.o(.data)
    m_user_array_size                        0x200021dc   Data           1  app_timer.o(.data)
    mp_users                                 0x200021e0   Data           4  app_timer.o(.data)
    m_timer_id_head                          0x200021e4   Data           4  app_timer.o(.data)
    m_ticks_latest                           0x200021e8   Data           4  app_timer.o(.data)
    m_ticks_elapsed                          0x200021ec   Data           8  app_timer.o(.data)
    m_ticks_elapsed_q_read_ind               0x200021f4   Data           1  app_timer.o(.data)
    m_ticks_elapsed_q_write_ind              0x200021f5   Data           1  app_timer.o(.data)
    m_evt_schedule_func                      0x200021f8   Data           4  app_timer.o(.data)
    m_rtc1_running                           0x200021fc   Data           1  app_timer.o(.data)
    m_rtc1_reset                             0x200021fd   Data           1  app_timer.o(.data)
    .data                                    0x20002200   Section       24  softdevice_handler.o(.data)
    m_evt_schedule_func                      0x20002200   Data           4  softdevice_handler.o(.data)
    m_softdevice_enabled                     0x20002204   Data           1  softdevice_handler.o(.data)
    mp_ble_evt_buffer                        0x20002208   Data           4  softdevice_handler.o(.data)
    m_ble_evt_buffer_size                    0x2000220c   Data           2  softdevice_handler.o(.data)
    m_ble_evt_handler                        0x20002210   Data           4  softdevice_handler.o(.data)
    m_sys_evt_handler                        0x20002214   Data           4  softdevice_handler.o(.data)
    .bss                                     0x20002218   Section     1620  main.o(.bss)
    m_AD7746                                 0x20002218   Data          36  main.o(.bss)
    m_nus                                    0x2000223c   Data          28  main.o(.bss)
    dataToSend                               0x20002258   Data         512  main.o(.bss)
    app_gpiote_buf                           0x20002458   Data          20  main.o(.bss)
    APP_TIMER_BUF                            0x2000246c   Data         776  main.o(.bss)
    BLE_EVT_BUFFER                           0x20002774   Data          72  main.o(.bss)
    APP_SCHED_BUF                            0x200027bc   Data         176  main.o(.bss)
    .bss                                     0x2000286c   Section       40  sensoradc.o(.bss)
    adcData                                  0x2000286c   Data          40  sensoradc.o(.bss)
    .bss                                     0x20002894   Section       84  mpu_9150.o(.bss)
    .bss                                     0x200028e8   Section      304  a2035h.o(.bss)
    m_nus                                    0x200028e8   Data          28  a2035h.o(.bss)
    data_array                               0x20002904   Data          20  a2035h.o(.bss)
    tx_buf                                   0x20002918   Data         256  a2035h.o(.bss)
    .bss                                     0x20002a18   Section       48  nrf_pwm.o(.bss)
    pwm_next_value                           0x20002a18   Data          16  nrf_pwm.o(.bss)
    pwm_io_ch                                0x20002a28   Data          16  nrf_pwm.o(.bss)
    pwm_running                              0x20002a38   Data          16  nrf_pwm.o(.bss)
    .bss                                     0x20002a48   Section       60  ltc2943.o(.bss)
    .bss                                     0x20002a84   Section      247  ble_advertising.o(.bss)
    m_advdata                                0x20002a84   Data          48  ble_advertising.o(.bss)
    m_whitelist                              0x20002ab4   Data          16  ble_advertising.o(.bss)
    mp_whitelist_addr                        0x20002ac4   Data          32  ble_advertising.o(.bss)
    mp_whitelist_irk                         0x20002ae4   Data          32  ble_advertising.o(.bss)
    m_adv_modes_config                       0x20002b04   Data          32  ble_advertising.o(.bss)
    m_manuf_specific_data                    0x20002b24   Data          12  ble_advertising.o(.bss)
    m_manuf_data_array                       0x20002b30   Data          31  ble_advertising.o(.bss)
    m_service_data                           0x20002b50   Data          12  ble_advertising.o(.bss)
    m_service_data_array                     0x20002b5c   Data          31  ble_advertising.o(.bss)
    .bss                                     0x20002b7c   Section       28  ble_conn_params.o(.bss)
    m_conn_params_config                     0x20002b7c   Data          28  ble_conn_params.o(.bss)
    .bss                                     0x20002b98   Section      128  ble_debug_assert_handler.o(.bss)
    s_file_name                              0x20002b98   Data         128  ble_debug_assert_handler.o(.bss)
    .bss                                     0x20002c18   Section      295  device_manager_peripheral.o(.bss)
    m_peer_table                             0x20002c18   Data         196  device_manager_peripheral.o(.bss)
    m_bond_table                             0x20002cdc   Data          28  device_manager_peripheral.o(.bss)
    m_gatts_table                            0x20002cf8   Data          24  device_manager_peripheral.o(.bss)
    m_connection_table                       0x20002d10   Data          12  device_manager_peripheral.o(.bss)
    m_application_table                      0x20002d1c   Data          12  device_manager_peripheral.o(.bss)
    m_local_id_info                          0x20002d28   Data          23  device_manager_peripheral.o(.bss)
    .bss                                     0x20002d40   Section      220  pstorage.o(.bss)
    m_cmd_queue                              0x20002d40   Data         204  pstorage.o(.bss)
    m_app_table                              0x20002e0c   Data          16  pstorage.o(.bss)
    .bss                                     0x20002e1c   Section       80  spi_master.o(.bss)
    m_spi_master_instances                   0x20002e1c   Data          80  spi_master.o(.bss)
    .bss                                     0x20002e6c   Section       96  libspace.o(.bss)
    HEAP                                     0x20002ed0   Section     2048  arm_startup_nrf51.o(HEAP)
    Heap_Mem                                 0x20002ed0   Data        2048  arm_startup_nrf51.o(HEAP)
    STACK                                    0x200036d0   Section     2048  arm_startup_nrf51.o(STACK)
    Stack_Mem                                0x200036d0   Data        2048  arm_startup_nrf51.o(STACK)
    __initial_sp                             0x20003ed0   Data           0  arm_startup_nrf51.o(STACK)

    Global Symbols

    Symbol Name                              Value     Ov Type        Size  Object(Section)

    BuildAttributes$$THM_ISAv3M$S$PE$A:L22$X:L11$S22$IEEE1$IW$USESV6$~STKCKD$USESV7$~SHL$OTIME$ROPI$IEEEX$EBA8$UX$STANDARDLIB$REQ8$PRES8$EABIv2 0x00000000   Number         0  anon$$obj.o ABSOLUTE
    __ARM_use_no_argv                        0x00000000   Number         0  main.o ABSOLUTE
    _printf_flags                            0x00000000   Number         0  printf_stubs.o ABSOLUTE
    _printf_return_value                     0x00000000   Number         0  printf_stubs.o ABSOLUTE
    _printf_sizespec                         0x00000000   Number         0  printf_stubs.o ABSOLUTE
    _printf_widthprec                        0x00000000   Number         0  printf_stubs.o ABSOLUTE
    __ARM_exceptions_init                     - Undefined Weak Reference
    __alloca_initialize                       - Undefined Weak Reference
    __arm_preinit_                            - Undefined Weak Reference
    __cpp_initialize__aeabi_                  - Undefined Weak Reference
    __cxa_finalize                            - Undefined Weak Reference
    __rt_locale                               - Undefined Weak Reference
    __sigvec_lookup                           - Undefined Weak Reference
    _atexit_init                              - Undefined Weak Reference
    _call_atexit_fns                          - Undefined Weak Reference
    _clock_init                               - Undefined Weak Reference
    _fp_trap_init                             - Undefined Weak Reference
    _fp_trap_shutdown                         - Undefined Weak Reference
    _get_lc_collate                           - Undefined Weak Reference
    _get_lc_ctype                             - Undefined Weak Reference
    _get_lc_monetary                          - Undefined Weak Reference
    _get_lc_numeric                           - Undefined Weak Reference
    _get_lc_time                              - Undefined Weak Reference
    _getenv_init                              - Undefined Weak Reference
    _handle_redirection                       - Undefined Weak Reference
    _init_alloc                               - Undefined Weak Reference
    _init_user_alloc                          - Undefined Weak Reference
    _initio                                   - Undefined Weak Reference
    _printf_truncate_unsigned                 - Undefined Weak Reference
    _rand_init                                - Undefined Weak Reference
    _signal_finish                            - Undefined Weak Reference
    _signal_init                              - Undefined Weak Reference
    _terminate_alloc                          - Undefined Weak Reference
    _terminate_user_alloc                     - Undefined Weak Reference
    _terminateio                              - Undefined Weak Reference
    __Vectors_Size                           0x000000c0   Number         0  arm_startup_nrf51.o ABSOLUTE
    __Vectors                                0x00018000   Data           4  arm_startup_nrf51.o(RESET)
    __Vectors_End                            0x000180c0   Data           0  arm_startup_nrf51.o(RESET)
    __main                                   0x000180c1   Thumb Code     8  __main.o(!!!main)
    __scatterload                            0x000180c9   Thumb Code     0  __scatter.o(!!!scatter)
    __scatterload_rt2                        0x000180c9   Thumb Code    52  __scatter.o(!!!scatter)
    __scatterload_rt2_thumb_only             0x000180c9   Thumb Code     0  __scatter.o(!!!scatter)
    __scatterload_null                       0x000180d9   Thumb Code     0  __scatter.o(!!!scatter)
    __scatterload_zeroinit                   0x00018105   Thumb Code    28  __scatter_zi.o(!!handler_zi)
    _printf_percent                          0x00018121   Thumb Code     0  _printf_percent.o(.ARM.Collect$$_printf_percent$$00000000)
    _printf_x                                0x00018123   Thumb Code     0  _printf_x.o(.ARM.Collect$$_printf_percent$$0000000C)
    _printf_percent_end                      0x0001812d   Thumb Code     0  _printf_percent_end.o(.ARM.Collect$$_printf_percent$$00000017)
    __rt_lib_init                            0x00018131   Thumb Code     0  libinit.o(.ARM.Collect$$libinit$$00000000)
    __rt_lib_init_alloca_1                   0x00018133   Thumb Code     0  libinit2.o(.ARM.Collect$$libinit$$0000002E)
    __rt_lib_init_argv_1                     0x00018133   Thumb Code     0  libinit2.o(.ARM.Collect$$libinit$$0000002C)
    __rt_lib_init_atexit_1                   0x00018133   Thumb Code     0  libinit2.o(.ARM.Collect$$libinit$$0000001B)
    __rt_lib_init_clock_1                    0x00018133   Thumb Code     0  libinit2.o(.ARM.Collect$$libinit$$00000021)
    __rt_lib_init_cpp_1                      0x00018133   Thumb Code     0  libinit2.o(.ARM.Collect$$libinit$$00000032)
    __rt_lib_init_exceptions_1               0x00018133   Thumb Code     0  libinit2.o(.ARM.Collect$$libinit$$00000030)
    __rt_lib_init_fp_1                       0x00018133   Thumb Code     0  libinit2.o(.ARM.Collect$$libinit$$00000002)
    __rt_lib_init_fp_trap_1                  0x00018133   Thumb Code     0  libinit2.o(.ARM.Collect$$libinit$$0000001F)
    __rt_lib_init_getenv_1                   0x00018133   Thumb Code     0  libinit2.o(.ARM.Collect$$libinit$$00000023)
    __rt_lib_init_heap_1                     0x00018133   Thumb Code     0  libinit2.o(.ARM.Collect$$libinit$$0000000A)
    __rt_lib_init_lc_collate_1               0x00018133   Thumb Code     0  libinit2.o(.ARM.Collect$$libinit$$00000011)
    __rt_lib_init_lc_ctype_1                 0x00018133   Thumb Code     0  libinit2.o(.ARM.Collect$$libinit$$00000013)
    __rt_lib_init_lc_monetary_1              0x00018133   Thumb Code     0  libinit2.o(.ARM.Collect$$libinit$$00000015)
    __rt_lib_init_lc_numeric_1               0x00018133   Thumb Code     0  libinit2.o(.ARM.Collect$$libinit$$00000017)
    __rt_lib_init_lc_time_1                  0x00018133   Thumb Code     0  libinit2.o(.ARM.Collect$$libinit$$00000019)
    __rt_lib_init_preinit_1                  0x00018133   Thumb Code     0  libinit2.o(.ARM.Collect$$libinit$$00000004)
    __rt_lib_init_rand_1                     0x00018133   Thumb Code     0  libinit2.o(.ARM.Collect$$libinit$$0000000E)
    __rt_lib_init_return                     0x00018133   Thumb Code     0  libinit2.o(.ARM.Collect$$libinit$$00000033)
    __rt_lib_init_signal_1                   0x00018133   Thumb Code     0  libinit2.o(.ARM.Collect$$libinit$$0000001D)
    __rt_lib_init_stdio_1                    0x00018133   Thumb Code     0  libinit2.o(.ARM.Collect$$libinit$$00000025)
    __rt_lib_init_user_alloc_1               0x00018133   Thumb Code     0  libinit2.o(.ARM.Collect$$libinit$$0000000C)
    __rt_lib_shutdown                        0x00018135   Thumb Code     0  libshutdown.o(.ARM.Collect$$libshutdown$$00000000)
    __rt_lib_shutdown_cpp_1                  0x00018137   Thumb Code     0  libshutdown2.o(.ARM.Collect$$libshutdown$$00000002)
    __rt_lib_shutdown_fp_trap_1              0x00018137   Thumb Code     0  libshutdown2.o(.ARM.Collect$$libshutdown$$00000007)
    __rt_lib_shutdown_heap_1                 0x00018137   Thumb Code     0  libshutdown2.o(.ARM.Collect$$libshutdown$$0000000F)
    __rt_lib_shutdown_return                 0x00018137   Thumb Code     0  libshutdown2.o(.ARM.Collect$$libshutdown$$00000010)
    __rt_lib_shutdown_signal_1               0x00018137   Thumb Code     0  libshutdown2.o(.ARM.Collect$$libshutdown$$0000000A)
    __rt_lib_shutdown_stdio_1                0x00018137   Thumb Code     0  libshutdown2.o(.ARM.Collect$$libshutdown$$00000004)
    __rt_lib_shutdown_user_alloc_1           0x00018137   Thumb Code     0  libshutdown2.o(.ARM.Collect$$libshutdown$$0000000C)
    __rt_entry                               0x00018139   Thumb Code     0  __rtentry.o(.ARM.Collect$$rtentry$$00000000)
    __rt_entry_presh_1                       0x00018139   Thumb Code     0  __rtentry2.o(.ARM.Collect$$rtentry$$00000002)
    __rt_entry_sh                            0x00018139   Thumb Code     0  __rtentry4.o(.ARM.Collect$$rtentry$$00000004)
    __rt_entry_li                            0x0001813f   Thumb Code     0  __rtentry2.o(.ARM.Collect$$rtentry$$0000000A)
    __rt_entry_postsh_1                      0x0001813f   Thumb Code     0  __rtentry2.o(.ARM.Collect$$rtentry$$00000009)
    __rt_entry_main                          0x00018143   Thumb Code     0  __rtentry2.o(.ARM.Collect$$rtentry$$0000000D)
    __rt_entry_postli_1                      0x00018143   Thumb Code     0  __rtentry2.o(.ARM.Collect$$rtentry$$0000000C)
    __rt_exit                                0x0001814b   Thumb Code     0  rtexit.o(.ARM.Collect$$rtexit$$00000000)
    __rt_exit_ls                             0x0001814d   Thumb Code     0  rtexit2.o(.ARM.Collect$$rtexit$$00000003)
    __rt_exit_prels_1                        0x0001814d   Thumb Code     0  rtexit2.o(.ARM.Collect$$rtexit$$00000002)
    __rt_exit_exit                           0x00018151   Thumb Code     0  rtexit2.o(.ARM.Collect$$rtexit$$00000004)
    __asm___8_ds2401_c_2a9f9079__nrf_delay_us 0x00018159   Thumb Code    30  ds2401.o(.emb_text)
    __asm___10_MPU_9150_c_Ascale__nrf_delay_us 0x00018179   Thumb Code    30  mpu_9150.o(.emb_text)
    __asm___8_A2035H_c_7c68238a__nrf_delay_us 0x00018199   Thumb Code    30  a2035h.o(.emb_text)
    __asm___15_twi_hw_master_c_959ec897__nrf_delay_us 0x000181b9   Thumb Code    30  twi_hw_master.o(.emb_text)
    __asm___11_nrf_delay_c_532987f3__nrf_delay_us 0x000181d9   Thumb Code    30  nrf_delay.o(.emb_text)
    __asm___11_app_timer_c_cd27f9c3__nrf_delay_us 0x000181f9   Thumb Code    30  app_timer.o(.emb_text)
    __aeabi_memcpy4                          0x00018219   Thumb Code    56  rt_memcpy.o(.emb_text)
    __aeabi_memcpy8                          0x00018219   Thumb Code     0  rt_memcpy.o(.emb_text)
    Reset_Handler                            0x00018251   Thumb Code    26  arm_startup_nrf51.o(.text)
    NMI_Handler                              0x0001826b   Thumb Code     2  arm_startup_nrf51.o(.text)
    HardFault_Handler                        0x0001826d   Thumb Code     2  arm_startup_nrf51.o(.text)
    SVC_Handler                              0x0001826f   Thumb Code     2  arm_startup_nrf51.o(.text)
    PendSV_Handler                           0x00018271   Thumb Code     2  arm_startup_nrf51.o(.text)
    SysTick_Handler                          0x00018273   Thumb Code     2  arm_startup_nrf51.o(.text)
    CCM_AAR_IRQHandler                       0x00018275   Thumb Code     0  arm_startup_nrf51.o(.text)
    ECB_IRQHandler                           0x00018275   Thumb Code     0  arm_startup_nrf51.o(.text)
    LPCOMP_IRQHandler                        0x00018275   Thumb Code     0  arm_startup_nrf51.o(.text)
    POWER_CLOCK_IRQHandler                   0x00018275   Thumb Code     0  arm_startup_nrf51.o(.text)
    QDEC_IRQHandler                          0x00018275   Thumb Code     0  arm_startup_nrf51.o(.text)
    RADIO_IRQHandler                         0x00018275   Thumb Code     0  arm_startup_nrf51.o(.text)
    RNG_IRQHandler                           0x00018275   Thumb Code     0  arm_startup_nrf51.o(.text)
    RTC0_IRQHandler                          0x00018275   Thumb Code     0  arm_startup_nrf51.o(.text)
    SWI1_IRQHandler                          0x00018275   Thumb Code     0  arm_startup_nrf51.o(.text)
    SWI3_IRQHandler                          0x00018275   Thumb Code     0  arm_startup_nrf51.o(.text)
    SWI4_IRQHandler                          0x00018275   Thumb Code     0  arm_startup_nrf51.o(.text)
    SWI5_IRQHandler                          0x00018275   Thumb Code     0  arm_startup_nrf51.o(.text)
    TEMP_IRQHandler                          0x00018275   Thumb Code     0  arm_startup_nrf51.o(.text)
    TIMER0_IRQHandler                        0x00018275   Thumb Code     0  arm_startup_nrf51.o(.text)
    TIMER1_IRQHandler                        0x00018275   Thumb Code     0  arm_startup_nrf51.o(.text)
    WDT_IRQHandler                           0x00018275   Thumb Code     0  arm_startup_nrf51.o(.text)
    __user_initial_stackheap                 0x00018279   Thumb Code     0  arm_startup_nrf51.o(.text)
    __2sprintf                               0x000182a5   Thumb Code    36  noretval__2sprintf.o(.text)
    _printf_pre_padding                      0x000182cd   Thumb Code    44  _printf_pad.o(.text)
    _printf_post_padding                     0x000182f9   Thumb Code    34  _printf_pad.o(.text)
    _printf_int_hex                          0x0001831d   Thumb Code    84  _printf_hex_int.o(.text)
    _printf_longlong_hex                     0x0001831d   Thumb Code     0  _printf_hex_int.o(.text)
    __printf                                 0x00018375   Thumb Code   306  __printf_flags_wp.o(.text)
    memcmp                                   0x000184ad   Thumb Code    90  memcmp.o(.text)
    __aeabi_memcpy                           0x00018507   Thumb Code   130  rt_memcpy.o(.text)
    __rt_memcpy                              0x00018507   Thumb Code     0  rt_memcpy.o(.text)
    _memset_w                                0x00018589   Thumb Code    26  rt_memclr.o(.text)
    _memset                                  0x000185a3   Thumb Code    30  rt_memclr.o(.text)
    __aeabi_memclr                           0x000185c1   Thumb Code     4  rt_memclr.o(.text)
    __rt_memclr                              0x000185c1   Thumb Code     0  rt_memclr.o(.text)
    __aeabi_memclr4                          0x000185c5   Thumb Code     0  rt_memclr.o(.text)
    __aeabi_memclr8                          0x000185c5   Thumb Code     0  rt_memclr.o(.text)
    __rt_memclr_w                            0x000185c5   Thumb Code     4  rt_memclr.o(.text)
    strncpy                                  0x000185c9   Thumb Code   104  strncpy.o(.text)
    __aeabi_uidiv                            0x00018635   Thumb Code     0  aeabi_sdiv.o(.text)
    __aeabi_uidivmod                         0x00018635   Thumb Code    20  aeabi_sdiv.o(.text)
    __aeabi_idiv                             0x00018649   Thumb Code     0  aeabi_sdiv.o(.text)
    __aeabi_idivmod                          0x00018649   Thumb Code   326  aeabi_sdiv.o(.text)
    __use_two_region_memory                  0x0001878f   Thumb Code     2  heapauxi.o(.text)
    __rt_heap_escrow$2region                 0x00018791   Thumb Code     2  heapauxi.o(.text)
    __rt_heap_expand$2region                 0x00018793   Thumb Code     2  heapauxi.o(.text)
    __aeabi_d2f                              0x00018795   Thumb Code     0  d2f.o(.text)
    _d2f                                     0x00018795   Thumb Code   120  d2f.o(.text)
    __aeabi_dadd                             0x00018b09   Thumb Code     0  daddsub.o(.text)
    _dadd                                    0x00018b09   Thumb Code    26  daddsub.o(.text)
    __aeabi_dsub                             0x00018b23   Thumb Code     0  daddsub.o(.text)
    _dsub                                    0x00018b23   Thumb Code    22  daddsub.o(.text)
    __aeabi_drsub                            0x00018b39   Thumb Code     0  daddsub.o(.text)
    _drsb                                    0x00018b39   Thumb Code    28  daddsub.o(.text)
    __aeabi_ddiv                             0x00018b69   Thumb Code     0  ddiv.o(.text)
    _ddiv                                    0x00018b69   Thumb Code  1072  ddiv.o(.text)
    _drdiv                                   0x00018f99   Thumb Code    20  ddiv.o(.text)
    __aeabi_d2uiz                            0x00018fb1   Thumb Code     0  dfixui.o(.text)
    _dfixu                                   0x00018fb1   Thumb Code    68  dfixui.o(.text)
    __aeabi_i2d_normalise                    0x00018ff9   Thumb Code    66  dflti.o(.text)
    __aeabi_i2d                              0x0001903b   Thumb Code    16  dflti.o(.text)
    _dflt                                    0x0001903b   Thumb Code     0  dflti.o(.text)
    __aeabi_ui2d                             0x0001904b   Thumb Code     6  dflti.o(.text)
    _dfltu                                   0x0001904b   Thumb Code     0  dflti.o(.text)
    __aeabi_dmul                             0x00019051   Thumb Code     0  dmul.o(.text)
    _dmul                                    0x00019051   Thumb Code   558  dmul.o(.text)
    __aeabi_f2d                              0x00019299   Thumb Code     0  f2d.o(.text)
    _f2d                                     0x00019299   Thumb Code    80  f2d.o(.text)
    __aeabi_fdiv                             0x000192ed   Thumb Code     0  fdiv.o(.text)
    _fdiv                                    0x000192ed   Thumb Code   334  fdiv.o(.text)
    _frdiv                                   0x0001943b   Thumb Code     8  fdiv.o(.text)
    __aeabi_i2f_normalise                    0x0001944d   Thumb Code    72  fflti.o(.text)
    __aeabi_i2f                              0x00019495   Thumb Code    16  fflti.o(.text)
    _fflt                                    0x00019495   Thumb Code     0  fflti.o(.text)
    __aeabi_ui2f                             0x000194a5   Thumb Code     6  fflti.o(.text)
    _ffltu                                   0x000194a5   Thumb Code     0  fflti.o(.text)
    _printf_int_common                       0x000194ab   Thumb Code   176  _printf_intcommon.o(.text)
    _printf_char_common                      0x00019567   Thumb Code    32  _printf_char_common.o(.text)
    _sputc                                   0x0001958d   Thumb Code    10  _sputc.o(.text)
    __user_libspace                          0x00019599   Thumb Code     8  libspace.o(.text)
    __user_perproc_libspace                  0x00019599   Thumb Code     0  libspace.o(.text)
    __user_perthread_libspace                0x00019599   Thumb Code     0  libspace.o(.text)
    __user_setup_stackheap                   0x000195a1   Thumb Code    62  sys_stackheap_outer.o(.text)
    exit                                     0x000195df   Thumb Code    16  exit.o(.text)
    _sys_exit                                0x000195f1   Thumb Code     8  sys_exit.o(.text)
    __I$use$semihosting                      0x000195fd   Thumb Code     0  use_no_semi.o(.text)
    __use_no_semihosting_swi                 0x000195fd   Thumb Code     2  use_no_semi.o(.text)
    __decompress                             0x000195ff   Thumb Code     0  __dczerorl2.o(.text)
    __decompress1                            0x000195ff   Thumb Code    86  __dczerorl2.o(.text)
    __semihosting_library_function           0x000195ff   Thumb Code     0  indicate_semi.o(.text)
    ADC_IRQHandler                           0x00019655   Thumb Code   208  sensoradc.o(i.ADC_IRQHandler)
    GPIOTE_IRQHandler                        0x000197d1   Thumb Code   200  app_gpiote.o(i.GPIOTE_IRQHandler)
    I2C_Init                                 0x000198ad   Thumb Code    16  communication.o(i.I2C_Init)
    I2C_Read                                 0x000198bd   Thumb Code    52  communication.o(i.I2C_Read)
    I2C_Write                                0x000198f1   Thumb Code    50  communication.o(i.I2C_Write)
    MPL3115A2_getAltitude                    0x00019925   Thumb Code   178  mpl3115.o(i.MPL3115A2_getAltitude)
    MPL3115A2_init                           0x000199dd   Thumb Code    44  mpl3115.o(i.MPL3115A2_init)
    MPL3115A2_read8                          0x00019a09   Thumb Code    86  mpl3115.o(i.MPL3115A2_read8)
    MPL3115A2_readBytes_                     0x00019a5f   Thumb Code   104  mpl3115.o(i.MPL3115A2_readBytes_)
    MPL3115A2_write8                         0x00019ac7   Thumb Code   118  mpl3115.o(i.MPL3115A2_write8)
    MPU9150_readByte                         0x00019b3d   Thumb Code    24  mpu_9150.o(i.MPU9150_readByte)
    MPU9150_readBytes                        0x00019b55   Thumb Code    28  mpu_9150.o(i.MPU9150_readBytes)
    MPU9150_readBytes_                       0x00019b71   Thumb Code    94  mpu_9150.o(i.MPU9150_readBytes_)
    MPU9150_writeByte                        0x00019bcf   Thumb Code    22  mpu_9150.o(i.MPU9150_writeByte)
    MPU9150_writeByte_                       0x00019be5   Thumb Code    56  mpu_9150.o(i.MPU9150_writeByte_)
    RTC1_IRQHandler                          0x00019dc1   Thumb Code    34  app_timer.o(i.RTC1_IRQHandler)
    SPI0_TWI0_IRQHandler                     0x00019de9   Thumb Code    44  spi_master.o(i.SPI0_TWI0_IRQHandler)
    SPI1_TWI1_IRQHandler                     0x00019e1d   Thumb Code    46  spi_master.o(i.SPI1_TWI1_IRQHandler)
    SWI0_IRQHandler                          0x00019e55   Thumb Code     8  app_timer.o(i.SWI0_IRQHandler)
    SWI2_IRQHandler                          0x00019e5d   Thumb Code    50  softdevice_handler.o(i.SWI2_IRQHandler)
    SystemInit                               0x00019e95   Thumb Code    38  system_nrf51.o(i.SystemInit)
    TIMER2_IRQHandler                        0x00019ecd   Thumb Code   862  nrf_pwm.o(i.TIMER2_IRQHandler)
    UART0_IRQHandler                         0x0001a265   Thumb Code   148  app_uart.o(i.UART0_IRQHandler)
    __ARM_common_switch8                     0x0001a30d   Thumb Code    28  inv_mpu.o(i.__ARM_common_switch8)
    _is_digit                                0x0001a329   Thumb Code    14  __printf_wp.o(i._is_digit)
    action_tx_stop                           0x0001a371   Thumb Code    28  app_uart.o(i.action_tx_stop)
    ad7746_on_write_config_callback          0x0001a3bd   Thumb Code     2  main.o(i.ad7746_on_write_config_callback)
    app_button_enable                        0x0001a5f9   Thumb Code    24  app_button.o(i.app_button_enable)
    app_button_init                          0x0001a619   Thumb Code   122  app_button.o(i.app_button_init)
    app_error_handler                        0x0001a6b1   Thumb Code    20  main.o(i.app_error_handler)
    app_gpiote_init                          0x0001a6e1   Thumb Code   116  app_gpiote.o(i.app_gpiote_init)
    app_gpiote_pins_state_get                0x0001a771   Thumb Code    52  app_gpiote.o(i.app_gpiote_pins_state_get)
    app_gpiote_user_enable                   0x0001a7b1   Thumb Code   226  app_gpiote.o(i.app_gpiote_user_enable)
    app_gpiote_user_register                 0x0001a8ad   Thumb Code   138  app_gpiote.o(i.app_gpiote_user_register)
    app_on_adv_timeout                       0x0001a96d   Thumb Code   110  main.o(i.app_on_adv_timeout)
    app_on_connect                           0x0001a9e1   Thumb Code    84  main.o(i.app_on_connect)
    app_on_disconnect                        0x0001aa35   Thumb Code    32  main.o(i.app_on_disconnect)
    app_sched_execute                        0x0001aac9   Thumb Code    30  app_scheduler.o(i.app_sched_execute)
    app_sched_init                           0x0001aae9   Thumb Code    66  app_scheduler.o(i.app_sched_init)
    app_timer_create                         0x0001ab45   Thumb Code   108  app_timer.o(i.app_timer_create)
    app_timer_init                           0x0001abb9   Thumb Code   204  app_timer.o(i.app_timer_init)
    app_timer_start                          0x0001aca9   Thumb Code    98  app_timer.o(i.app_timer_start)
    app_timer_stop                           0x0001ad15   Thumb Code    60  app_timer.o(i.app_timer_stop)
    app_uart_get                             0x0001ad59   Thumb Code    34  app_uart.o(i.app_uart_get)
    app_uart_init                            0x0001ad85   Thumb Code   468  app_uart.o(i.app_uart_init)
    assert_nrf_callback                      0x0001b031   Thumb Code    28  main.o(i.assert_nrf_callback)
    ble_AD7746_init                          0x0001b055   Thumb Code   140  ble_ad7746.o(i.ble_AD7746_init)
    ble_AD7746_on_ble_evt                    0x0001b0e9   Thumb Code    58  ble_ad7746.o(i.ble_AD7746_on_ble_evt)
    ble_AD7746_send_temp_notify              0x0001b125   Thumb Code   122  ble_ad7746.o(i.ble_AD7746_send_temp_notify)
    ble_advdata_set                          0x0001b1a5   Thumb Code   122  ble_advdata.o(i.ble_advdata_set)
    ble_advertising_init                     0x0001b221   Thumb Code   358  ble_advertising.o(i.ble_advertising_init)
    ble_advertising_on_ble_evt               0x0001b3c1   Thumb Code   272  ble_advertising.o(i.ble_advertising_on_ble_evt)
    ble_advertising_on_sys_evt               0x0001b4f5   Thumb Code    70  ble_advertising.o(i.ble_advertising_on_sys_evt)
    ble_advertising_start                    0x0001b559   Thumb Code   546  ble_advertising.o(i.ble_advertising_start)
    ble_conn_params_init                     0x0001b7a9   Thumb Code    90  ble_conn_params.o(i.ble_conn_params_init)
    ble_conn_params_on_ble_evt               0x0001b821   Thumb Code    62  ble_conn_params.o(i.ble_conn_params_on_ble_evt)
    ble_debug_assert_handler                 0x0001b861   Thumb Code    46  ble_debug_assert_handler.o(i.ble_debug_assert_handler)
    ble_nus_string_send                      0x0001b8c9   Thumb Code    84  ble_nus.o(i.ble_nus_string_send)
    bond_data_load                           0x0001b9c5   Thumb Code    62  device_manager_peripheral.o(i.bond_data_load)
    bsp_button_is_pressed                    0x0001ba61   Thumb Code    48  bsp.o(i.bsp_button_is_pressed)
    bsp_buttons_enable                       0x0001ba99   Thumb Code   166  bsp.o(i.bsp_buttons_enable)
    bsp_event_to_button_assign               0x0001bb45   Thumb Code    18  bsp.o(i.bsp_event_to_button_assign)
    bsp_indication_set                       0x0001bb5d   Thumb Code    30  bsp.o(i.bsp_indication_set)
    bsp_init                                 0x0001bb81   Thumb Code   150  bsp.o(i.bsp_init)
    cap_char_add                             0x0001c115   Thumb Code   318  ble_ad7746.o(i.cap_char_add)
    config_char_add                          0x0001c589   Thumb Code   236  ble_ad7746.o(i.config_char_add)
    dm_ble_evt_handler                       0x0001cccd   Thumb Code  1562  device_manager_peripheral.o(i.dm_ble_evt_handler)
    dm_handle_initialize                     0x0001d305   Thumb Code    24  device_manager_peripheral.o(i.dm_handle_initialize)
    dm_init                                  0x0001d321   Thumb Code   230  device_manager_peripheral.o(i.dm_init)
    dm_register                              0x0001d625   Thumb Code   176  device_manager_peripheral.o(i.dm_register)
    ds2401_initAndRead                       0x0001d6e1   Thumb Code   150  ds2401.o(i.ds2401_initAndRead)
    initA2035H                               0x0001dc8d   Thumb Code   176  a2035h.o(i.initA2035H)
    initAK8975A                              0x0001dd5d   Thumb Code   142  mpu_9150.o(i.initAK8975A)
    initMPU9150                              0x0001ddf1   Thumb Code   386  mpu_9150.o(i.initMPU9150)
    intern_softdevice_events_execute         0x0001df9d   Thumb Code   168  softdevice_handler.o(i.intern_softdevice_events_execute)
    ltc294x_get_charge_counter               0x0001e349   Thumb Code    38  ltc2943.o(i.ltc294x_get_charge_counter)
    ltc294x_get_current                      0x0001e379   Thumb Code   126  ltc2943.o(i.ltc294x_get_current)
    ltc294x_get_temperature                  0x0001e405   Thumb Code    54  ltc2943.o(i.ltc294x_get_temperature)
    ltc294x_get_voltage                      0x0001e44d   Thumb Code    56  ltc2943.o(i.ltc294x_get_voltage)
    ltc294x_init                             0x0001e491   Thumb Code   186  ltc2943.o(i.ltc294x_init)
    ltc294x_read_charge_register             0x0001e561   Thumb Code    40  ltc2943.o(i.ltc294x_read_charge_register)
    ltc294x_reset                            0x0001e5d9   Thumb Code   134  ltc2943.o(i.ltc294x_reset)
    main                                     0x0001e6bd   Thumb Code   102  main.o(i.main)
    nrf_delay_ms                             0x0001e855   Thumb Code    24  nrf_delay.o(i.nrf_delay_ms)
    pstorage_access_status_get               0x0001ed95   Thumb Code    36  pstorage.o(i.pstorage_access_status_get)
    pstorage_block_identifier_get            0x0001edc1   Thumb Code   136  pstorage.o(i.pstorage_block_identifier_get)
    pstorage_clear                           0x0001ee51   Thumb Code   166  pstorage.o(i.pstorage_clear)
    pstorage_init                            0x0001ef35   Thumb Code   128  pstorage.o(i.pstorage_init)
    pstorage_load                            0x0001efd1   Thumb Code   226  pstorage.o(i.pstorage_load)
    pstorage_register                        0x0001f0bd   Thumb Code   306  pstorage.o(i.pstorage_register)
    pstorage_store                           0x0001f201   Thumb Code   202  pstorage.o(i.pstorage_store)
    pstorage_sys_event_handler               0x0001f2d5   Thumb Code   454  pstorage.o(i.pstorage_sys_event_handler)
    pstorage_update                          0x0001f4d9   Thumb Code   202  pstorage.o(i.pstorage_update)
    readMagData                              0x0001f5e5   Thumb Code   378  mpu_9150.o(i.readMagData)
    readMagFloatUT                           0x0001f765   Thumb Code   112  mpu_9150.o(i.readMagFloatUT)
    resetMPU9150                             0x0001f89d   Thumb Code    20  mpu_9150.o(i.resetMPU9150)
    resumeSendData                           0x0001f8b5   Thumb Code   178  main.o(i.resumeSendData)
    softdevice_assertion_handler             0x0001fbf5   Thumb Code    18  softdevice_handler.o(i.softdevice_assertion_handler)
    softdevice_ble_evt_handler_set           0x0001fc09   Thumb Code    18  softdevice_handler.o(i.softdevice_ble_evt_handler_set)
    softdevice_handler_init                  0x0001fc21   Thumb Code    84  softdevice_handler.o(i.softdevice_handler_init)
    softdevice_sys_evt_handler_set           0x0001fc89   Thumb Code    18  softdevice_handler.o(i.softdevice_sys_evt_handler_set)
    someother_module_init                    0x0001fca1   Thumb Code   180  main.o(i.someother_module_init)
    temp_char_add                            0x000200e1   Thumb Code   318  ble_ad7746.o(i.temp_char_add)
    twi_master_init                          0x00020771   Thumb Code    88  twi_hw_master.o(i.twi_master_init)
    twi_master_transfer                      0x000208ed   Thumb Code    70  twi_hw_master.o(i.twi_master_transfer)
    uart_event_handle_withBle                0x00020a25   Thumb Code   244  a2035h.o(i.uart_event_handle_withBle)
    wait                                     0x00020dc1   Thumb Code    34  mpu_9150.o(i.wait)
    __aeabi_fadd                             0x00020e95   Thumb Code     0  faddsub.o(x$fpl$fadd)
    _fadd                                    0x00020e95   Thumb Code   134  faddsub.o(x$fpl$fadd)
    __aeabi_fmul                             0x00020f21   Thumb Code     0  fmul.o(x$fpl$fmul)
    _fmul                                    0x00020f21   Thumb Code   172  fmul.o(x$fpl$fmul)
    __aeabi_fsub                             0x00020fd1   Thumb Code     0  faddsub.o(x$fpl$fsub)
    _fsub                                    0x00020fd1   Thumb Code   204  faddsub.o(x$fpl$fsub)
    __I$use$fp                               0x000210a0   Number         0  usenofp.o(x$fpl$usenofp)
    m_service_context_store                  0x000210c8   Data          16  device_manager_peripheral.o(.constdata)
    m_service_context_load                   0x000210d8   Data          16  device_manager_peripheral.o(.constdata)
    m_service_context_apply                  0x000210e8   Data          16  device_manager_peripheral.o(.constdata)
    m_context_init_len                       0x000210f8   Data           4  device_manager_peripheral.o(.constdata)
    Region$$Table$$Base                      0x000211fc   Number         0  anon$$obj.o(Region$$Table)
    Region$$Table$$Limit                     0x0002121c   Number         0  anon$$obj.o(Region$$Table)
    lastSendIndex                            0x20002020   Data           4  main.o(.data)
    currStoreIndex                           0x20002034   Data           4  sensoradc.o(.data)
    maxSeqSamples                            0x20002038   Data           4  sensoradc.o(.data)
    currentMeasureInput                      0x2000203c   Data           1  sensoradc.o(.data)
    blockFinishCallback                      0x20002040   Data           4  sensoradc.o(.data)
    ds2401_id                                0x20002044   Data           8  ds2401.o(.data)
    Ascale                                   0x2000204c   Data           1  mpu_9150.o(.data)
    Gscale                                   0x2000204d   Data           1  mpu_9150.o(.data)
    aRes                                     0x20002050   Data           4  mpu_9150.o(.data)
    gRes                                     0x20002054   Data           4  mpu_9150.o(.data)
    mRes                                     0x20002058   Data           4  mpu_9150.o(.data)
    accelCount                               0x2000205c   Data           6  mpu_9150.o(.data)
    gyroCount                                0x20002062   Data           6  mpu_9150.o(.data)
    magCount                                 0x20002068   Data           6  mpu_9150.o(.data)
    ax                                       0x20002070   Data           4  mpu_9150.o(.data)
    ay                                       0x20002074   Data           4  mpu_9150.o(.data)
    az                                       0x20002078   Data           4  mpu_9150.o(.data)
    gx                                       0x2000207c   Data           4  mpu_9150.o(.data)
    gy                                       0x20002080   Data           4  mpu_9150.o(.data)
    gz                                       0x20002084   Data           4  mpu_9150.o(.data)
    mx                                       0x20002088   Data           4  mpu_9150.o(.data)
    my                                       0x2000208c   Data           4  mpu_9150.o(.data)
    mz                                       0x20002090   Data           4  mpu_9150.o(.data)
    tempCount                                0x20002094   Data           2  mpu_9150.o(.data)
    temperature                              0x20002098   Data           4  mpu_9150.o(.data)
    delt_t                                   0x2000209c   Data           4  mpu_9150.o(.data)
    count                                    0x200020a0   Data           4  mpu_9150.o(.data)
    pitch                                    0x200020a4   Data           4  mpu_9150.o(.data)
    yaw                                      0x200020a8   Data           4  mpu_9150.o(.data)
    roll                                     0x200020ac   Data           4  mpu_9150.o(.data)
    deltat                                   0x200020b0   Data           4  mpu_9150.o(.data)
    lastUpdate                               0x200020b4   Data           4  mpu_9150.o(.data)
    firstUpdate                              0x200020b8   Data           4  mpu_9150.o(.data)
    Now                                      0x200020bc   Data           4  mpu_9150.o(.data)
    q                                        0x200020c0   Data          16  mpu_9150.o(.data)
    SystemCoreClock                          0x2000211c   Data           4  system_nrf51.o(.data)
    magCalibration                           0x20002894   Data          12  mpu_9150.o(.bss)
    magbias                                  0x200028a0   Data          12  mpu_9150.o(.bss)
    gyroBias                                 0x200028ac   Data          12  mpu_9150.o(.bss)
    accelBias                                0x200028b8   Data          12  mpu_9150.o(.bss)
    SelfTest                                 0x200028c4   Data          24  mpu_9150.o(.bss)
    eInt                                     0x200028dc   Data          12  mpu_9150.o(.bss)
    ltc2943_client                           0x20002a48   Data          24  ltc2943.o(.bss)
    ltc2943_info                             0x20002a60   Data          36  ltc2943.o(.bss)
    __libspace_start                         0x20002e6c   Data          96  libspace.o(.bss)
    __temporary_stack_top$libspace           0x20002ecc   Data           0  libspace.o(.bss)



==============================================================================

Memory Map of the image

  Image Entry point : 0x000180c1

  Load Region LR_IROM1 (Base: 0x00018000, Size: 0x00009434, Max: 0x00028000, ABSOLUTE, COMPRESSED[0x00009250])

    Execution Region ER_IROM1 (Base: 0x00018000, Size: 0x0000921c, Max: 0x00028000, ABSOLUTE)

    Base Addr    Size         Type   Attr      Idx    E Section Name        Object

    0x00018000   0x000000c0   Data   RO         1794    RESET               arm_startup_nrf51.o
    0x000180c0   0x00000008   Code   RO         3701  * !!!main             c_p.l(__main.o)
    0x000180c8   0x0000003c   Code   RO         3988    !!!scatter          c_p.l(__scatter.o)
    0x00018104   0x0000001c   Code   RO         3990    !!handler_zi        c_p.l(__scatter_zi.o)
    0x00018120   0x00000002   Code   RO         3682    .ARM.Collect$$_printf_percent$$00000000  c_p.l(_printf_percent.o)
    0x00018122   0x0000000a   Code   RO         3681    .ARM.Collect$$_printf_percent$$0000000C  c_p.l(_printf_x.o)
    0x0001812c   0x00000004   Code   RO         3776    .ARM.Collect$$_printf_percent$$00000017  c_p.l(_printf_percent_end.o)
    0x00018130   0x00000002   Code   RO         3856    .ARM.Collect$$libinit$$00000000  c_p.l(libinit.o)
    0x00018132   0x00000000   Code   RO         3869    .ARM.Collect$$libinit$$00000002  c_p.l(libinit2.o)
    0x00018132   0x00000000   Code   RO         3871    .ARM.Collect$$libinit$$00000004  c_p.l(libinit2.o)
    0x00018132   0x00000000   Code   RO         3874    .ARM.Collect$$libinit$$0000000A  c_p.l(libinit2.o)
    0x00018132   0x00000000   Code   RO         3876    .ARM.Collect$$libinit$$0000000C  c_p.l(libinit2.o)
    0x00018132   0x00000000   Code   RO         3878    .ARM.Collect$$libinit$$0000000E  c_p.l(libinit2.o)
    0x00018132   0x00000000   Code   RO         3881    .ARM.Collect$$libinit$$00000011  c_p.l(libinit2.o)
    0x00018132   0x00000000   Code   RO         3883    .ARM.Collect$$libinit$$00000013  c_p.l(libinit2.o)
    0x00018132   0x00000000   Code   RO         3885    .ARM.Collect$$libinit$$00000015  c_p.l(libinit2.o)
    0x00018132   0x00000000   Code   RO         3887    .ARM.Collect$$libinit$$00000017  c_p.l(libinit2.o)
    0x00018132   0x00000000   Code   RO         3889    .ARM.Collect$$libinit$$00000019  c_p.l(libinit2.o)
    0x00018132   0x00000000   Code   RO         3891    .ARM.Collect$$libinit$$0000001B  c_p.l(libinit2.o)
    0x00018132   0x00000000   Code   RO         3893    .ARM.Collect$$libinit$$0000001D  c_p.l(libinit2.o)
    0x00018132   0x00000000   Code   RO         3895    .ARM.Collect$$libinit$$0000001F  c_p.l(libinit2.o)
    0x00018132   0x00000000   Code   RO         3897    .ARM.Collect$$libinit$$00000021  c_p.l(libinit2.o)
    0x00018132   0x00000000   Code   RO         3899    .ARM.Collect$$libinit$$00000023  c_p.l(libinit2.o)
    0x00018132   0x00000000   Code   RO         3901    .ARM.Collect$$libinit$$00000025  c_p.l(libinit2.o)
    0x00018132   0x00000000   Code   RO         3905    .ARM.Collect$$libinit$$0000002C  c_p.l(libinit2.o)
    0x00018132   0x00000000   Code   RO         3907    .ARM.Collect$$libinit$$0000002E  c_p.l(libinit2.o)
    0x00018132   0x00000000   Code   RO         3909    .ARM.Collect$$libinit$$00000030  c_p.l(libinit2.o)
    0x00018132   0x00000000   Code   RO         3911    .ARM.Collect$$libinit$$00000032  c_p.l(libinit2.o)
    0x00018132   0x00000002   Code   RO         3912    .ARM.Collect$$libinit$$00000033  c_p.l(libinit2.o)
    0x00018134   0x00000002   Code   RO         3943    .ARM.Collect$$libshutdown$$00000000  c_p.l(libshutdown.o)
    0x00018136   0x00000000   Code   RO         3969    .ARM.Collect$$libshutdown$$00000002  c_p.l(libshutdown2.o)
    0x00018136   0x00000000   Code   RO         3971    .ARM.Collect$$libshutdown$$00000004  c_p.l(libshutdown2.o)
    0x00018136   0x00000000   Code   RO         3974    .ARM.Collect$$libshutdown$$00000007  c_p.l(libshutdown2.o)
    0x00018136   0x00000000   Code   RO         3977    .ARM.Collect$$libshutdown$$0000000A  c_p.l(libshutdown2.o)
    0x00018136   0x00000000   Code   RO         3979    .ARM.Collect$$libshutdown$$0000000C  c_p.l(libshutdown2.o)
    0x00018136   0x00000000   Code   RO         3982    .ARM.Collect$$libshutdown$$0000000F  c_p.l(libshutdown2.o)
    0x00018136   0x00000002   Code   RO         3983    .ARM.Collect$$libshutdown$$00000010  c_p.l(libshutdown2.o)
    0x00018138   0x00000000   Code   RO         3761    .ARM.Collect$$rtentry$$00000000  c_p.l(__rtentry.o)
    0x00018138   0x00000000   Code   RO         3806    .ARM.Collect$$rtentry$$00000002  c_p.l(__rtentry2.o)
    0x00018138   0x00000006   Code   RO         3818    .ARM.Collect$$rtentry$$00000004  c_p.l(__rtentry4.o)
    0x0001813e   0x00000000   Code   RO         3808    .ARM.Collect$$rtentry$$00000009  c_p.l(__rtentry2.o)
    0x0001813e   0x00000004   Code   RO         3809    .ARM.Collect$$rtentry$$0000000A  c_p.l(__rtentry2.o)
    0x00018142   0x00000000   Code   RO         3811    .ARM.Collect$$rtentry$$0000000C  c_p.l(__rtentry2.o)
    0x00018142   0x00000008   Code   RO         3812    .ARM.Collect$$rtentry$$0000000D  c_p.l(__rtentry2.o)
    0x0001814a   0x00000002   Code   RO         3860    .ARM.Collect$$rtexit$$00000000  c_p.l(rtexit.o)
    0x0001814c   0x00000000   Code   RO         3916    .ARM.Collect$$rtexit$$00000002  c_p.l(rtexit2.o)
    0x0001814c   0x00000004   Code   RO         3917    .ARM.Collect$$rtexit$$00000003  c_p.l(rtexit2.o)
    0x00018150   0x00000006   Code   RO         3918    .ARM.Collect$$rtexit$$00000004  c_p.l(rtexit2.o)
    0x00018156   0x00000002   PAD
    0x00018158   0x0000001e   Code   RO          677    .emb_text           ds2401.o
    0x00018176   0x00000002   PAD
    0x00018178   0x0000001e   Code   RO          730    .emb_text           mpu_9150.o
    0x00018196   0x00000002   PAD
    0x00018198   0x0000001e   Code   RO         1286    .emb_text           a2035h.o
    0x000181b6   0x00000002   PAD
    0x000181b8   0x0000001e   Code   RO         2953    .emb_text           twi_hw_master.o
    0x000181d6   0x00000002   PAD
    0x000181d8   0x0000001e   Code   RO         3038    .emb_text           nrf_delay.o
    0x000181f6   0x00000002   PAD
    0x000181f8   0x0000001e   Code   RO         3280    .emb_text           app_timer.o
    0x00018216   0x00000002   PAD
    0x00018218   0x00000038   Code   RO         3687    .emb_text           c_p.l(rt_memcpy.o)
    0x00018250   0x00000054   Code   RO         1795    .text               arm_startup_nrf51.o
    0x000182a4   0x00000028   Code   RO         3634    .text               c_p.l(noretval__2sprintf.o)
    0x000182cc   0x0000004e   Code   RO         3638    .text               c_p.l(_printf_pad.o)
    0x0001831a   0x00000002   PAD
    0x0001831c   0x00000058   Code   RO         3643    .text               c_p.l(_printf_hex_int.o)
    0x00018374   0x00000138   Code   RO         3673    .text               c_p.l(__printf_flags_wp.o)
    0x000184ac   0x0000005a   Code   RO         3683    .text               c_p.l(memcmp.o)
    0x00018506   0x00000082   Code   RO         3688    .text               c_p.l(rt_memcpy.o)
    0x00018588   0x00000040   Code   RO         3691    .text               c_p.l(rt_memclr.o)
    0x000185c8   0x0000006c   Code   RO         3693    .text               c_p.l(strncpy.o)
    0x00018634   0x0000015a   Code   RO         3695    .text               c_p.l(aeabi_sdiv.o)
    0x0001878e   0x00000006   Code   RO         3699    .text               c_p.l(heapauxi.o)
    0x00018794   0x0000007c   Code   RO         3703    .text               fz_ps.l(d2f.o)
    0x00018810   0x00000358   Code   RO         3705    .text               fz_ps.l(daddsub.o)
    0x00018b68   0x00000448   Code   RO         3707    .text               fz_ps.l(ddiv.o)
    0x00018fb0   0x00000048   Code   RO         3710    .text               fz_ps.l(dfixui.o)
    0x00018ff8   0x00000058   Code   RO         3712    .text               fz_ps.l(dflti.o)
    0x00019050   0x00000248   Code   RO         3716    .text               fz_ps.l(dmul.o)
    0x00019298   0x00000054   Code   RO         3720    .text               fz_ps.l(f2d.o)
    0x000192ec   0x00000160   Code   RO         3728    .text               fz_ps.l(fdiv.o)
    0x0001944c   0x0000005e   Code   RO         3735    .text               fz_ps.l(fflti.o)
    0x000194aa   0x000000b0   Code   RO         3770    .text               c_p.l(_printf_intcommon.o)
    0x0001955a   0x00000002   PAD
    0x0001955c   0x00000030   Code   RO         3772    .text               c_p.l(_printf_char_common.o)
    0x0001958c   0x0000000a   Code   RO         3774    .text               c_p.l(_sputc.o)
    0x00019596   0x00000002   PAD
    0x00019598   0x00000008   Code   RO         3839    .text               c_p.l(libspace.o)
    0x000195a0   0x0000003e   Code   RO         3842    .text               c_p.l(sys_stackheap_outer.o)
    0x000195de   0x00000010   Code   RO         3845    .text               c_p.l(exit.o)
    0x000195ee   0x00000002   PAD
    0x000195f0   0x0000000c   Code   RO         3913    .text               c_p.l(sys_exit.o)
    0x000195fc   0x00000002   Code   RO         3932    .text               c_p.l(use_no_semi.o)
    0x000195fe   0x00000000   Code   RO         3934    .text               c_p.l(indicate_semi.o)
    0x000195fe   0x00000056   Code   RO         3986    .text               c_p.l(__dczerorl2.o)
    0x00019654   0x000000f4   Code   RO          620    i.ADC_IRQHandler    sensoradc.o
    0x00019748   0x00000088   Code   RO            4    i.DeviceNameFromID  main.o
    0x000197d0   0x000000dc   Code   RO         3152    i.GPIOTE_IRQHandler  app_gpiote.o
    0x000198ac   0x00000010   Code   RO          582    i.I2C_Init          communication.o
    0x000198bc   0x00000034   Code   RO          583    i.I2C_Read          communication.o
    0x000198f0   0x00000032   Code   RO          584    i.I2C_Write         communication.o
    0x00019922   0x00000002   PAD
    0x00019924   0x000000b8   Code   RO         1649    i.MPL3115A2_getAltitude  mpl3115.o
    0x000199dc   0x0000002c   Code   RO         1652    i.MPL3115A2_init    mpl3115.o
    0x00019a08   0x00000056   Code   RO         1653    i.MPL3115A2_read8   mpl3115.o
    0x00019a5e   0x00000068   Code   RO         1654    i.MPL3115A2_readBytes_  mpl3115.o
    0x00019ac6   0x00000076   Code   RO         1655    i.MPL3115A2_write8  mpl3115.o
    0x00019b3c   0x00000018   Code   RO          732    i.MPU9150_readByte  mpu_9150.o
    0x00019b54   0x0000001c   Code   RO          734    i.MPU9150_readBytes  mpu_9150.o
    0x00019b70   0x0000005e   Code   RO          735    i.MPU9150_readBytes_  mpu_9150.o
    0x00019bce   0x00000016   Code   RO          736    i.MPU9150_writeByte  mpu_9150.o
    0x00019be4   0x00000038   Code   RO          737    i.MPU9150_writeByte_  mpu_9150.o
    0x00019c1c   0x00000014   Code   RO         3281    i.NVIC_ClearPendingIRQ  app_timer.o
    0x00019c30   0x00000014   Code   RO         3282    i.NVIC_EnableIRQ    app_timer.o
    0x00019c44   0x00000014   Code   RO         3283    i.NVIC_SetPendingIRQ  app_timer.o
    0x00019c58   0x00000078   Code   RO         2483    i.NVIC_SetPriority  app_uart.o
    0x00019cd0   0x00000078   Code   RO         3153    i.NVIC_SetPriority  app_gpiote.o
    0x00019d48   0x00000078   Code   RO         3284    i.NVIC_SetPriority  app_timer.o
    0x00019dc0   0x00000028   Code   RO         3285    i.RTC1_IRQHandler   app_timer.o
    0x00019de8   0x00000034   Code   RO         2838    i.SPI0_TWI0_IRQHandler  spi_master.o
    0x00019e1c   0x00000038   Code   RO         2839    i.SPI1_TWI1_IRQHandler  spi_master.o
    0x00019e54   0x00000008   Code   RO         3286    i.SWI0_IRQHandler   app_timer.o
    0x00019e5c   0x00000038   Code   RO         3569    i.SWI2_IRQHandler   softdevice_handler.o
    0x00019e94   0x00000038   Code   RO         1802    i.SystemInit        system_nrf51.o
    0x00019ecc   0x00000398   Code   RO         1346    i.TIMER2_IRQHandler  nrf_pwm.o
    0x0001a264   0x000000a8   Code   RO         2484    i.UART0_IRQHandler  app_uart.o
    0x0001a30c   0x0000001c   Code   RO         1269    i.__ARM_common_switch8  inv_mpu.o
    0x0001a328   0x0000000e   Code   RO         3671    i._is_digit         c_p.l(__printf_wp.o)
    0x0001a336   0x00000008   Code   RO         2485    i.action_tx_ready   app_uart.o
    0x0001a33e   0x00000002   PAD
    0x0001a340   0x00000030   Code   RO         2486    i.action_tx_send    app_uart.o
    0x0001a370   0x00000028   Code   RO         2487    i.action_tx_stop    app_uart.o
    0x0001a398   0x00000024   Code   RO         2488    i.action_uart_deactivate  app_uart.o
    0x0001a3bc   0x00000002   Code   RO            5    i.ad7746_on_write_config_callback  main.o
    0x0001a3be   0x00000136   Code   RO         1841    i.adv_data_encode   ble_advdata.o
    0x0001a4f4   0x00000014   Code   RO         1842    i.advdata_check     ble_advdata.o
    0x0001a508   0x000000ac   Code   RO            6    i.advertising_init  main.o
    0x0001a5b4   0x00000024   Code   RO            7    i.advertising_start  main.o
    0x0001a5d8   0x00000020   Code   RO         1708    i.alert_timer_handler  bsp.o
    0x0001a5f8   0x00000020   Code   RO         3063    i.app_button_enable  app_button.o
    0x0001a618   0x00000098   Code   RO         3064    i.app_button_init   app_button.o
    0x0001a6b0   0x00000014   Code   RO            8    i.app_error_handler  main.o
    0x0001a6c4   0x0000001c   Code   RO         2217    i.app_evt_notify    device_manager_peripheral.o
    0x0001a6e0   0x00000090   Code   RO         3154    i.app_gpiote_init   app_gpiote.o
    0x0001a770   0x00000040   Code   RO         3155    i.app_gpiote_pins_state_get  app_gpiote.o
    0x0001a7b0   0x000000fc   Code   RO         3157    i.app_gpiote_user_enable  app_gpiote.o
    0x0001a8ac   0x00000098   Code   RO         3158    i.app_gpiote_user_register  app_gpiote.o
    0x0001a944   0x00000028   Code   RO         2708    i.app_notify        pstorage.o
    0x0001a96c   0x00000074   Code   RO            9    i.app_on_adv_timeout  main.o
    0x0001a9e0   0x00000054   Code   RO           10    i.app_on_connect    main.o
    0x0001aa34   0x00000020   Code   RO           11    i.app_on_disconnect  main.o
    0x0001aa54   0x00000074   Code   RO         3219    i.app_sched_event_get  app_scheduler.o
    0x0001aac8   0x0000001e   Code   RO         3221    i.app_sched_execute  app_scheduler.o
    0x0001aae6   0x00000002   PAD
    0x0001aae8   0x0000005c   Code   RO         3222    i.app_sched_init    app_scheduler.o
    0x0001ab44   0x00000074   Code   RO         3289    i.app_timer_create  app_timer.o
    0x0001abb8   0x000000f0   Code   RO         3290    i.app_timer_init    app_timer.o
    0x0001aca8   0x0000006c   Code   RO         3291    i.app_timer_start   app_timer.o
    0x0001ad14   0x00000044   Code   RO         3292    i.app_timer_stop    app_timer.o
    0x0001ad58   0x0000002c   Code   RO         2491    i.app_uart_get      app_uart.o
    0x0001ad84   0x00000204   Code   RO         2493    i.app_uart_init     app_uart.o
    0x0001af88   0x0000004a   Code   RO         1843    i.appearance_encode  ble_advdata.o
    0x0001afd2   0x00000002   PAD
    0x0001afd4   0x0000005c   Code   RO           12    i.application_timers_start  main.o
    0x0001b030   0x00000024   Code   RO           13    i.assert_nrf_callback  main.o
    0x0001b054   0x00000094   Code   RO          443    i.ble_AD7746_init   ble_ad7746.o
    0x0001b0e8   0x0000003a   Code   RO          444    i.ble_AD7746_on_ble_evt  ble_ad7746.o
    0x0001b122   0x00000002   PAD
    0x0001b124   0x00000080   Code   RO          445    i.ble_AD7746_send_temp_notify  ble_ad7746.o
    0x0001b1a4   0x0000007a   Code   RO         1844    i.ble_advdata_set   ble_advdata.o
    0x0001b21e   0x00000002   PAD
    0x0001b220   0x000001a0   Code   RO         1926    i.ble_advertising_init  ble_advertising.o
    0x0001b3c0   0x00000134   Code   RO         1927    i.ble_advertising_on_ble_evt  ble_advertising.o
    0x0001b4f4   0x00000054   Code   RO         1928    i.ble_advertising_on_sys_evt  ble_advertising.o
    0x0001b548   0x00000010   Code   RO         1930    i.ble_advertising_peer_address_clear  ble_advertising.o
    0x0001b558   0x00000250   Code   RO         1932    i.ble_advertising_start  ble_advertising.o
    0x0001b7a8   0x00000078   Code   RO         2008    i.ble_conn_params_init  ble_conn_params.o
    0x0001b820   0x0000003e   Code   RO         2009    i.ble_conn_params_on_ble_evt  ble_conn_params.o
    0x0001b85e   0x00000002   PAD
    0x0001b860   0x0000003c   Code   RO         2090    i.ble_debug_assert_handler  ble_debug_assert_handler.o
    0x0001b89c   0x0000002c   Code   RO           14    i.ble_evt_dispatch  main.o
    0x0001b8c8   0x00000058   Code   RO         2149    i.ble_nus_string_send  ble_nus.o
    0x0001b920   0x000000a4   Code   RO           15    i.ble_stack_init    main.o
    0x0001b9c4   0x00000050   Code   RO         2218    i.bond_data_load    device_manager_peripheral.o
    0x0001ba14   0x0000004c   Code   RO         1709    i.bsp_button_event_handler  bsp.o
    0x0001ba60   0x00000038   Code   RO         1710    i.bsp_button_is_pressed  bsp.o
    0x0001ba98   0x000000ac   Code   RO         1711    i.bsp_buttons_enable  bsp.o
    0x0001bb44   0x00000018   Code   RO         1713    i.bsp_event_to_button_assign  bsp.o
    0x0001bb5c   0x00000024   Code   RO         1714    i.bsp_indication_set  bsp.o
    0x0001bb80   0x000000bc   Code   RO         1716    i.bsp_init          bsp.o
    0x0001bc3c   0x0000048c   Code   RO         1717    i.bsp_led_indication  bsp.o
    0x0001c0c8   0x0000002c   Code   RO           17    i.button_event_handler  main.o
    0x0001c0f4   0x00000020   Code   RO         3066    i.button_handler_execute  app_button.o
    0x0001c114   0x00000144   Code   RO          446    i.cap_char_add      ble_ad7746.o
    0x0001c258   0x00000002   Code   RO           18    i.capmeasure_timer_handler  main.o
    0x0001c25a   0x00000002   PAD
    0x0001c25c   0x00000168   Code   RO         2709    i.cmd_process       pstorage.o
    0x0001c3c4   0x0000002c   Code   RO         2710    i.cmd_queue_dequeue  pstorage.o
    0x0001c3f0   0x0000003c   Code   RO         2711    i.cmd_queue_element_init  pstorage.o
    0x0001c42c   0x00000098   Code   RO         2712    i.cmd_queue_enqueue  pstorage.o
    0x0001c4c4   0x00000034   Code   RO         2713    i.cmd_queue_init    pstorage.o
    0x0001c4f8   0x00000090   Code   RO         3294    i.compare_reg_update  app_timer.o
    0x0001c588   0x000000f0   Code   RO          447    i.config_char_add   ble_ad7746.o
    0x0001c678   0x0000005c   Code   RO         1845    i.conn_int_check    ble_advdata.o
    0x0001c6d4   0x0000005c   Code   RO         1846    i.conn_int_encode   ble_advdata.o
    0x0001c730   0x00000014   Code   RO           19    i.conn_params_error_handler  main.o
    0x0001c744   0x0000005c   Code   RO           20    i.conn_params_init  main.o
    0x0001c7a0   0x00000094   Code   RO         2011    i.conn_params_negotiation  ble_conn_params.o
    0x0001c834   0x00000048   Code   RO         2219    i.connection_instance_find  device_manager_peripheral.o
    0x0001c87c   0x00000038   Code   RO         2220    i.connection_instance_init  device_manager_peripheral.o
    0x0001c8b4   0x0000001a   Code   RO         1539    i.convert_bin_to_uAh  ltc2943.o
    0x0001c8ce   0x00000028   Code   RO          678    i.crc8_add          ds2401.o
    0x0001c8f6   0x00000002   PAD
    0x0001c8f8   0x0000005c   Code   RO         3295    i.current_int_priority_get  app_timer.o
    0x0001c954   0x000000a0   Code   RO         3067    i.detection_delay_timeout_handler  app_button.o
    0x0001c9f4   0x000000d0   Code   RO         2221    i.device_context_store  device_manager_peripheral.o
    0x0001cac4   0x0000007c   Code   RO         2222    i.device_instance_allocate  device_manager_peripheral.o
    0x0001cb40   0x00000058   Code   RO         2223    i.device_instance_find  device_manager_peripheral.o
    0x0001cb98   0x00000030   Code   RO         2224    i.device_instance_free  device_manager_peripheral.o
    0x0001cbc8   0x00000024   Code   RO           21    i.device_manager_evt_handler  main.o
    0x0001cbec   0x000000e0   Code   RO           22    i.device_manager_init  main.o
    0x0001cccc   0x00000638   Code   RO         2229    i.dm_ble_evt_handler  device_manager_peripheral.o
    0x0001d304   0x0000001c   Code   RO         2235    i.dm_handle_initialize  device_manager_peripheral.o
    0x0001d320   0x00000108   Code   RO         2236    i.dm_init           device_manager_peripheral.o
    0x0001d428   0x000001fc   Code   RO         2239    i.dm_pstorage_cb_handler  device_manager_peripheral.o
    0x0001d624   0x000000bc   Code   RO         2240    i.dm_register       device_manager_peripheral.o
    0x0001d6e0   0x000000a4   Code   RO          679    i.ds2401_initAndRead  ds2401.o
    0x0001d784   0x00000064   Code   RO         3296    i.elapsed_ticks_acquire  app_timer.o
    0x0001d7e8   0x0000006c   Code   RO         3297    i.expired_timers_handler  app_timer.o
    0x0001d854   0x000000c2   Code   RO           23    i.gap_params_init   main.o
    0x0001d916   0x00000006   Code   RO         2247    i.gattc_context_apply  device_manager_peripheral.o
    0x0001d91c   0x00000006   Code   RO         2248    i.gattc_context_load  device_manager_peripheral.o
    0x0001d922   0x00000006   Code   RO         2249    i.gattc_context_store  device_manager_peripheral.o
    0x0001d928   0x000000f4   Code   RO         2250    i.gatts_context_apply  device_manager_peripheral.o
    0x0001da1c   0x00000048   Code   RO         2251    i.gatts_context_load  device_manager_peripheral.o
    0x0001da64   0x000000d8   Code   RO         2252    i.gatts_context_store  device_manager_peripheral.o
    0x0001db3c   0x0000001a   Code   RO         2253    i.gattsc_context_apply  device_manager_peripheral.o
    0x0001db56   0x0000001e   Code   RO         2254    i.gattsc_context_load  device_manager_peripheral.o
    0x0001db74   0x0000001e   Code   RO         2255    i.gattsc_context_store  device_manager_peripheral.o
    0x0001db92   0x00000002   PAD
    0x0001db94   0x00000040   Code   RO         3068    i.gpiote_event_handler  app_button.o
    0x0001dbd4   0x00000064   Code   RO         2495    i.gpiote_uart_event_handler  app_uart.o
    0x0001dc38   0x00000052   Code   RO         1541    i.i2c_transfer      ltc2943.o
    0x0001dc8a   0x00000002   PAD
    0x0001dc8c   0x000000d0   Code   RO         1287    i.initA2035H        a2035h.o
    0x0001dd5c   0x00000094   Code   RO          743    i.initAK8975A       mpu_9150.o
    0x0001ddf0   0x000001ac   Code   RO          744    i.initMPU9150       mpu_9150.o
    0x0001df9c   0x000000bc   Code   RO         3570    i.intern_softdevice_events_execute  softdevice_handler.o
    0x0001e058   0x00000024   Code   RO         2012    i.is_conn_params_ok  ble_conn_params.o
    0x0001e07c   0x00000038   Code   RO         1803    i.is_disabled_in_debug_needed  system_nrf51.o
    0x0001e0b4   0x0000006c   Code   RO         1804    i.is_manual_peripheral_setup_needed  system_nrf51.o
    0x0001e120   0x00000012   Code   RO         2714    i.is_word_aligned   pstorage.o
    0x0001e132   0x00000002   PAD
    0x0001e134   0x00000024   Code   RO         1718    i.leds_timer_handler  bsp.o
    0x0001e158   0x000000c0   Code   RO         3298    i.list_deletions_handler  app_timer.o
    0x0001e218   0x00000130   Code   RO         3299    i.list_insertions_handler  app_timer.o
    0x0001e348   0x00000030   Code   RO         1542    i.ltc294x_get_charge_counter  ltc2943.o
    0x0001e378   0x0000008c   Code   RO         1544    i.ltc294x_get_current  ltc2943.o
    0x0001e404   0x00000048   Code   RO         1545    i.ltc294x_get_temperature  ltc2943.o
    0x0001e44c   0x00000044   Code   RO         1546    i.ltc294x_get_voltage  ltc2943.o
    0x0001e490   0x000000d0   Code   RO         1547    i.ltc294x_init      ltc2943.o
    0x0001e560   0x0000002c   Code   RO         1548    i.ltc294x_read_charge_register  ltc2943.o
    0x0001e58c   0x0000004c   Code   RO         1549    i.ltc294x_read_regs  ltc2943.o
    0x0001e5d8   0x0000008c   Code   RO         1550    i.ltc294x_reset     ltc2943.o
    0x0001e664   0x00000056   Code   RO         1553    i.ltc294x_write_regs  ltc2943.o
    0x0001e6ba   0x00000002   PAD
    0x0001e6bc   0x0000006c   Code   RO           24    i.main              main.o
    0x0001e728   0x0000006a   Code   RO         1847    i.manuf_specific_data_encode  ble_advdata.o
    0x0001e792   0x00000096   Code   RO         1848    i.name_encode       ble_advdata.o
    0x0001e828   0x00000018   Code   RO         3224    i.next_index        app_scheduler.o
    0x0001e840   0x00000006   Code   RO         2256    i.no_service_context_apply  device_manager_peripheral.o
    0x0001e846   0x00000006   Code   RO         2257    i.no_service_context_load  device_manager_peripheral.o
    0x0001e84c   0x00000006   Code   RO         2258    i.no_service_context_store  device_manager_peripheral.o
    0x0001e852   0x00000002   PAD
    0x0001e854   0x0000001c   Code   RO         3039    i.nrf_delay_ms      nrf_delay.o
    0x0001e870   0x00000012   Code   RO         2496    i.nrf_gpio_cfg_output  app_uart.o
    0x0001e882   0x00000002   PAD
    0x0001e884   0x00000010   Code   RO           25    i.nrf_gpio_pin_clear  main.o
    0x0001e894   0x00000010   Code   RO         1288    i.nrf_gpio_pin_clear  a2035h.o
    0x0001e8a4   0x00000010   Code   RO           26    i.nrf_gpio_pin_set  main.o
    0x0001e8b4   0x00000010   Code   RO         1289    i.nrf_gpio_pin_set  a2035h.o
    0x0001e8c4   0x00000010   Code   RO         2842    i.nrf_gpio_pin_set  spi_master.o
    0x0001e8d4   0x00000028   Code   RO         1348    i.nrf_gpio_pin_write  nrf_pwm.o
    0x0001e8fc   0x00000078   Code   RO         1349    i.nrf_gpiote_task_config  nrf_pwm.o
    0x0001e974   0x00000018   Code   RO         1350    i.nrf_gpiote_unconfig  nrf_pwm.o
    0x0001e98c   0x0000009c   Code   RO           28    i.on_adv_evt        main.o
    0x0001ea28   0x00000050   Code   RO           29    i.on_ble_evt        main.o
    0x0001ea78   0x00000034   Code   RO           30    i.on_conn_params_evt  main.o
    0x0001eaac   0x00000018   Code   RO         2013    i.on_conn_params_update  ble_conn_params.o
    0x0001eac4   0x00000006   Code   RO          448    i.on_connect        ble_ad7746.o
    0x0001eaca   0x00000002   PAD
    0x0001eacc   0x0000003c   Code   RO         2014    i.on_connect        ble_conn_params.o
    0x0001eb08   0x00000028   Code   RO         2497    i.on_cts_high       app_uart.o
    0x0001eb30   0x0000003c   Code   RO         2498    i.on_cts_low        app_uart.o
    0x0001eb6c   0x00000008   Code   RO          449    i.on_disconnect     ble_ad7746.o
    0x0001eb74   0x00000044   Code   RO         2015    i.on_disconnect     ble_conn_params.o
    0x0001ebb8   0x0000002c   Code   RO         2499    i.on_tx_ready       app_uart.o
    0x0001ebe4   0x00000008   Code   RO         2500    i.on_uart_close     app_uart.o
    0x0001ebec   0x00000036   Code   RO         2501    i.on_uart_event     app_uart.o
    0x0001ec22   0x00000002   PAD
    0x0001ec24   0x00000014   Code   RO         2502    i.on_uart_put       app_uart.o
    0x0001ec38   0x0000002a   Code   RO          450    i.on_write          ble_ad7746.o
    0x0001ec62   0x00000002   PAD
    0x0001ec64   0x0000005c   Code   RO         2016    i.on_write          ble_conn_params.o
    0x0001ecc0   0x0000001a   Code   RO         1934    i.peer_address_exists  ble_advertising.o
    0x0001ecda   0x00000002   PAD
    0x0001ecdc   0x00000050   Code   RO         2259    i.peer_instance_init  device_manager_peripheral.o
    0x0001ed2c   0x00000068   Code   RO         3159    i.pins_sense_disable  app_gpiote.o
    0x0001ed94   0x0000002c   Code   RO         2715    i.pstorage_access_status_get  pstorage.o
    0x0001edc0   0x00000090   Code   RO         2716    i.pstorage_block_identifier_get  pstorage.o
    0x0001ee50   0x000000b0   Code   RO         2717    i.pstorage_clear    pstorage.o
    0x0001ef00   0x00000028   Code   RO         2718    i.pstorage_flash_page_end  pstorage.o
    0x0001ef28   0x0000000a   Code   RO         2719    i.pstorage_flash_page_size  pstorage.o
    0x0001ef32   0x00000002   PAD
    0x0001ef34   0x0000009c   Code   RO         2720    i.pstorage_init     pstorage.o
    0x0001efd0   0x000000ec   Code   RO         2721    i.pstorage_load     pstorage.o
    0x0001f0bc   0x00000144   Code   RO         2722    i.pstorage_register  pstorage.o
    0x0001f200   0x000000d4   Code   RO         2723    i.pstorage_store    pstorage.o
    0x0001f2d4   0x00000204   Code   RO         2724    i.pstorage_sys_event_handler  pstorage.o
    0x0001f4d8   0x000000d4   Code   RO         2725    i.pstorage_update   pstorage.o
    0x0001f5ac   0x00000038   Code   RO         1290    i.pullupdown_gpio_cfg_output  a2035h.o
    0x0001f5e4   0x00000180   Code   RO          749    i.readMagData       mpu_9150.o
    0x0001f764   0x0000007c   Code   RO          750    i.readMagFloatUT    mpu_9150.o
    0x0001f7e0   0x00000068   Code   RO          680    i.read_byte         ds2401.o
    0x0001f848   0x00000054   Code   RO          681    i.reset             ds2401.o
    0x0001f89c   0x00000018   Code   RO          753    i.resetMPU9150      mpu_9150.o
    0x0001f8b4   0x000000d0   Code   RO           32    i.resumeSendData    main.o
    0x0001f984   0x0000000c   Code   RO         3300    i.rtc1_counter_get  app_timer.o
    0x0001f990   0x00000018   Code   RO         3301    i.rtc1_init         app_timer.o
    0x0001f9a8   0x0000003c   Code   RO         3302    i.rtc1_start        app_timer.o
    0x0001f9e4   0x00000058   Code   RO         3303    i.rtc1_stop         app_timer.o
    0x0001fa3c   0x00000044   Code   RO         1357    i.safe_margins_present  nrf_pwm.o
    0x0001fa80   0x00000030   Code   RO           33    i.scheduler_init    main.o
    0x0001fab0   0x00000080   Code   RO         3160    i.sense_level_toggle  app_gpiote.o
    0x0001fb30   0x0000008c   Code   RO         1849    i.service_data_encode  ble_advdata.o
    0x0001fbbc   0x00000038   Code   RO           34    i.services_init     main.o
    0x0001fbf4   0x00000012   Code   RO         3571    i.softdevice_assertion_handler  softdevice_handler.o
    0x0001fc06   0x00000002   PAD
    0x0001fc08   0x00000018   Code   RO         3572    i.softdevice_ble_evt_handler_set  softdevice_handler.o
    0x0001fc20   0x00000068   Code   RO         3573    i.softdevice_handler_init  softdevice_handler.o
    0x0001fc88   0x00000018   Code   RO         3575    i.softdevice_sys_evt_handler_set  softdevice_handler.o
    0x0001fca0   0x000000c4   Code   RO           35    i.someother_module_init  main.o
    0x0001fd64   0x00000052   Code   RO         2844    i.spi_master_buffer_release  spi_master.o
    0x0001fdb6   0x00000002   PAD
    0x0001fdb8   0x00000018   Code   RO         2846    i.spi_master_get_instance  spi_master.o
    0x0001fdd0   0x000000e4   Code   RO         2851    i.spi_master_send_recv_irq  spi_master.o
    0x0001feb4   0x0000004c   Code   RO         2852    i.spi_master_signal_evt  spi_master.o
    0x0001ff00   0x00000010   Code   RO         1850    i.srdata_check      ble_advdata.o
    0x0001ff10   0x00000008   Code   RO         2260    i.storage_operation_dummy_handler  device_manager_peripheral.o
    0x0001ff18   0x000001b4   Code   RO         2726    i.swap_state_process  pstorage.o
    0x000200cc   0x00000012   Code   RO           36    i.sys_evt_dispatch  main.o
    0x000200de   0x00000002   PAD
    0x000200e0   0x00000144   Code   RO          451    i.temp_char_add     ble_ad7746.o
    0x00020224   0x00000048   Code   RO           37    i.tempmeasure_timer_handler  main.o
    0x0002026c   0x0000000a   Code   RO         3304    i.ticks_diff_get    app_timer.o
    0x00020276   0x00000002   PAD
    0x00020278   0x00000040   Code   RO         3305    i.timeout_handler_exec  app_timer.o
    0x000202b8   0x00000058   Code   RO         3306    i.timer_list_handler  app_timer.o
    0x00020310   0x0000000a   Code   RO         3307    i.timer_list_handler_sched  app_timer.o
    0x0002031a   0x00000002   PAD
    0x0002031c   0x000000dc   Code   RO         3308    i.timer_list_insert  app_timer.o
    0x000203f8   0x000000cc   Code   RO         3309    i.timer_list_remove  app_timer.o
    0x000204c4   0x00000054   Code   RO         3310    i.timer_start_op_schedule  app_timer.o
    0x00020518   0x00000040   Code   RO         3312    i.timer_stop_op_schedule  app_timer.o
    0x00020558   0x0000009c   Code   RO         3313    i.timer_timeouts_check  app_timer.o
    0x000205f4   0x0000000a   Code   RO         3314    i.timer_timeouts_check_sched  app_timer.o
    0x000205fe   0x00000002   PAD
    0x00020600   0x0000008c   Code   RO           38    i.timers_init       main.o
    0x0002068c   0x000000e4   Code   RO         2954    i.twi_master_clear_bus  twi_hw_master.o
    0x00020770   0x0000006c   Code   RO         2955    i.twi_master_init   twi_hw_master.o
    0x000207dc   0x00000110   Code   RO         2956    i.twi_master_read   twi_hw_master.o
    0x000208ec   0x0000004c   Code   RO         2957    i.twi_master_transfer  twi_hw_master.o
    0x00020938   0x000000bc   Code   RO         2958    i.twi_master_write  twi_hw_master.o
    0x000209f4   0x00000030   Code   RO         1851    i.tx_power_level_encode  ble_advdata.o
    0x00020a24   0x00000100   Code   RO         1291    i.uart_event_handle_withBle  a2035h.o
    0x00020b24   0x00000040   Code   RO         2503    i.uart_no_flow_control_init  app_uart.o
    0x00020b64   0x00000040   Code   RO         2504    i.uart_standard_flow_control_init  app_uart.o
    0x00020ba4   0x00000012   Code   RO         1852    i.uint16_encode     ble_advdata.o
    0x00020bb6   0x00000002   PAD
    0x00020bb8   0x00000014   Code   RO         2261    i.update_status_bit_reset  device_manager_peripheral.o
    0x00020bcc   0x0000009c   Code   RO         2017    i.update_timeout_handler  ble_conn_params.o
    0x00020c68   0x00000022   Code   RO         3315    i.user_id_get       app_timer.o
    0x00020c8a   0x0000002c   Code   RO         3316    i.user_op_alloc     app_timer.o
    0x00020cb6   0x00000004   Code   RO         3317    i.user_op_enque     app_timer.o
    0x00020cba   0x00000040   Code   RO         1853    i.uuid_list_encode  ble_advdata.o
    0x00020cfa   0x000000c4   Code   RO         1854    i.uuid_list_sized_encode  ble_advdata.o
    0x00020dbe   0x00000002   PAD
    0x00020dc0   0x00000028   Code   RO          754    i.wait              mpu_9150.o
    0x00020de8   0x00000016   Code   RO         1935    i.whitelist_has_entries  ble_advertising.o
    0x00020dfe   0x00000002   PAD
    0x00020e00   0x00000094   Code   RO          682    i.write_byte        ds2401.o
    0x00020e94   0x0000008c   Code   RO         3722    x$fpl$fadd          fz_ps.l(faddsub.o)
    0x00020f20   0x000000b0   Code   RO         3739    x$fpl$fmul          fz_ps.l(fmul.o)
    0x00020fd0   0x000000d0   Code   RO         3724    x$fpl$fsub          fz_ps.l(faddsub.o)
    0x000210a0   0x00000000   Code   RO         3785    x$fpl$usenofp       fz_ps.l(usenofp.o)
    0x000210a0   0x00000004   Data   RO           40    .constdata          main.o
    0x000210a4   0x0000000c   Data   RO         1293    .constdata          a2035h.o
    0x000210b0   0x00000018   Data   RO         1719    .constdata          bsp.o
    0x000210c8   0x00000034   Data   RO         2263    .constdata          device_manager_peripheral.o
    0x000210fc   0x00000004   Data   RO         2854    .constdata          spi_master.o
    0x00021100   0x00000028   Data   RO         3644    .constdata          c_p.l(_printf_hex_int.o)
    0x00021128   0x00000011   Data   RO         3674    .constdata          c_p.l(__printf_flags_wp.o)
    0x00021139   0x00000080   Data   RO         3708    .constdata          fz_ps.l(ddiv.o)
    0x000211b9   0x00000040   Data   RO         3729    .constdata          fz_ps.l(fdiv.o)
    0x000211f9   0x00000003   PAD
    0x000211fc   0x00000020   Data   RO         3984    Region$$Table       anon$$obj.o


    Execution Region RW_IRAM1 (Base: 0x20002000, Size: 0x00001ed0, Max: 0x00002000, ABSOLUTE, COMPRESSED[0x00000034])

    Base Addr    Size         Type   Attr      Idx    E Section Name        Object

    0x20002000   0x00000024   Data   RW           41    .data               main.o
    0x20002024   0x00000010   Data   RW          453    .data               ble_ad7746.o
    0x20002034   0x00000010   Data   RW          627    .data               sensoradc.o
    0x20002044   0x00000008   Data   RW          683    .data               ds2401.o
    0x2000204c   0x00000084   Data   RW          756    .data               mpu_9150.o
    0x200020d0   0x00000002   Data   RW         1294    .data               a2035h.o
    0x200020d2   0x00000002   PAD
    0x200020d4   0x00000024   Data   RW         1361    .data               nrf_pwm.o
    0x200020f8   0x00000005   Data   RW         1555    .data               ltc2943.o
    0x200020fd   0x00000003   PAD
    0x20002100   0x0000001a   Data   RW         1720    .data               bsp.o
    0x2000211a   0x00000002   PAD
    0x2000211c   0x00000004   Data   RW         1805    .data               system_nrf51.o
    0x20002120   0x00000022   Data   RW         1937    .data               ble_advertising.o
    0x20002142   0x00000002   PAD
    0x20002144   0x00000019   Data   RW         2019    .data               ble_conn_params.o
    0x2000215d   0x00000003   PAD
    0x20002160   0x00000008   Data   RW         2092    .data               ble_debug_assert_handler.o
    0x20002168   0x00000014   Data   RW         2264    .data               device_manager_peripheral.o
    0x2000217c   0x00000011   Data   RW         2505    .data               app_uart.o
    0x2000218d   0x00000003   PAD
    0x20002190   0x0000000c   Data   RW         2728    .data               pstorage.o
    0x2000219c   0x0000001c   Data   RW         3069    .data               app_button.o
    0x200021b8   0x0000000c   Data   RW         3161    .data               app_gpiote.o
    0x200021c4   0x0000000e   Data   RW         3225    .data               app_scheduler.o
    0x200021d2   0x00000002   PAD
    0x200021d4   0x0000002a   Data   RW         3318    .data               app_timer.o
    0x200021fe   0x00000002   PAD
    0x20002200   0x00000018   Data   RW         3576    .data               softdevice_handler.o
    0x20002218   0x00000654   Zero   RW           39    .bss                main.o
    0x2000286c   0x00000028   Zero   RW          625    .bss                sensoradc.o
    0x20002894   0x00000054   Zero   RW          755    .bss                mpu_9150.o
    0x200028e8   0x00000130   Zero   RW         1292    .bss                a2035h.o
    0x20002a18   0x00000030   Zero   RW         1359    .bss                nrf_pwm.o
    0x20002a48   0x0000003c   Zero   RW         1554    .bss                ltc2943.o
    0x20002a84   0x000000f7   Zero   RW         1936    .bss                ble_advertising.o
    0x20002b7b   0x00000001   PAD
    0x20002b7c   0x0000001c   Zero   RW         2018    .bss                ble_conn_params.o
    0x20002b98   0x00000080   Zero   RW         2091    .bss                ble_debug_assert_handler.o
    0x20002c18   0x00000127   Zero   RW         2262    .bss                device_manager_peripheral.o
    0x20002d3f   0x00000001   PAD
    0x20002d40   0x000000dc   Zero   RW         2727    .bss                pstorage.o
    0x20002e1c   0x00000050   Zero   RW         2853    .bss                spi_master.o
    0x20002e6c   0x00000060   Zero   RW         3840    .bss                c_p.l(libspace.o)
    0x20002ecc   0x00000004   PAD
    0x20002ed0   0x00000800   Zero   RW         1793    HEAP                arm_startup_nrf51.o
    0x200036d0   0x00000800   Zero   RW         1792    STACK               arm_startup_nrf51.o


==============================================================================

Image component sizes


      Code (inc. data)   RO Data    RW Data    ZI Data      Debug   Object Name

       582         56         12          2        304       7325   a2035h.o
         0          0          0          0          0       2104   ad7746.o
       440         66          0         28          0       8234   app_button.o
      1184        116          0         12          0       7582   app_gpiote.o
       262         50          0         14          0       6685   app_scheduler.o
      2906        320          0         42          0      31287   app_timer.o
      1452        206          0         17          0      21963   app_uart.o
        84         36        192          0       4096        668   arm_startup_nrf51.o
      1278         30          0         16          0      21277   ble_ad7746.o
      1448          4          0          0          0      14262   ble_advdata.o
      1464        158          0         34        247      10341   ble_advertising.o
       766        126          0         25         28      14564   ble_conn_params.o
        60         14          0          8        128       1447   ble_debug_assert_handler.o
        88          4          0          0          0       1730   ble_nus.o
      1784        150         24         26          0       9522   bsp.o
       118          0          0          0          0       4054   communication.o
      4046        288         52         20        295      27161   device_manager_peripheral.o
       570         26          0          8          0       4505   ds2401.o
        28          0          0          0          0         76   inv_mpu.o
       990         86          0          5         60      13479   ltc2943.o
      2712        226          4         36       1620     109958   main.o
       536          6          0          0          0       3749   mpl3115.o
      1402         76          0        132         84       9332   mpu_9150.o
        58          4          0          0          0       1563   nrf_delay.o
      1172         98          0         36         48       7868   nrf_pwm.o
      3232        230          0         12        220      20442   pstorage.o
       244         36          0         16         40       4588   sensoradc.o
       414         58          0         24          0       6744   softdevice_handler.o
       534         34          4          0         80       9870   spi_master.o
       220         26          0          4          0       1795   system_nrf51.o
       902         82          0          0          0       5000   twi_hw_master.o

    ----------------------------------------------------------------------
     31046       2612        320        536       7252     389175   Object Totals
         0          0         32          0          0          0   (incl. Generated)
        70          0          0         19          2          0   (incl. Padding)

    ----------------------------------------------------------------------

      Code (inc. data)   RO Data    RW Data    ZI Data      Debug   Library Member Name

        86          0          0          0          0          0   __dczerorl2.o
         8          0          0          0          0         68   __main.o
       312          6         17          0          0         76   __printf_flags_wp.o
        14          0          0          0          0         60   __printf_wp.o
         0          0          0          0          0          0   __rtentry.o
        12          0          0          0          0          0   __rtentry2.o
         6          0          0          0          0          0   __rtentry4.o
        60          8          0          0          0          0   __scatter.o
        28          0          0          0          0          0   __scatter_zi.o
        48          6          0          0          0         88   _printf_char_common.o
        88          4         40          0          0         72   _printf_hex_int.o
       176          0          0          0          0         84   _printf_intcommon.o
        78          0          0          0          0        100   _printf_pad.o
         2          0          0          0          0          0   _printf_percent.o
         4          0          0          0          0          0   _printf_percent_end.o
        10          0          0          0          0          0   _printf_x.o
        10          0          0          0          0         60   _sputc.o
       346          0          0          0          0         92   aeabi_sdiv.o
        16          0          0          0          0         68   exit.o
         6          0          0          0          0        136   heapauxi.o
         0          0          0          0          0          0   indicate_semi.o
         2          0          0          0          0          0   libinit.o
         2          0          0          0          0          0   libinit2.o
         2          0          0          0          0          0   libshutdown.o
         2          0          0          0          0          0   libshutdown2.o
         8          4          0          0         96         68   libspace.o
        90          0          0          0          0         68   memcmp.o
        40          4          0          0          0         84   noretval__2sprintf.o
        64          0          0          0          0        108   rt_memclr.o
       186          0          0          0          0        144   rt_memcpy.o
         2          0          0          0          0          0   rtexit.o
        10          0          0          0          0          0   rtexit2.o
       108          4          0          0          0         76   strncpy.o
        12          4          0          0          0         60   sys_exit.o
        62          0          0          0          0         80   sys_stackheap_outer.o
         2          0          0          0          0         68   use_no_semi.o
       124          4          0          0          0         72   d2f.o
       856         20          0          0          0        208   daddsub.o
      1096         26        128          0          0        112   ddiv.o
        72          4          0          0          0         68   dfixui.o
        88          0          0          0          0         92   dflti.o
       584         26          0          0          0         84   dmul.o
        84          4          0          0          0         60   f2d.o
       348          8          0          0          0        160   faddsub.o
       352         10         64          0          0         92   fdiv.o
        94          0          0          0          0         92   fflti.o
       176          4          0          0          0         80   fmul.o
         0          0          0          0          0          0   usenofp.o

    ----------------------------------------------------------------------
      5786        146        252          0        100       2780   Library Totals
        10          0          3          0          4          0   (incl. Padding)

    ----------------------------------------------------------------------

      Code (inc. data)   RO Data    RW Data    ZI Data      Debug   Library Name

      1902         40         57          0         96       1660   c_p.l
      3874        106        192          0          0       1120   fz_ps.l

    ----------------------------------------------------------------------
      5786        146        252          0        100       2780   Library Totals

    ----------------------------------------------------------------------

==============================================================================


      Code (inc. data)   RO Data    RW Data    ZI Data      Debug   

     36832       2758        572        536       7352     378755   Grand Totals
     36832       2758        572         52       7352     378755   ELF Image Totals (compressed)
     36832       2758        572         52          0          0   ROM Totals

==============================================================================

    Total RO  Size (Code + RO Data)                37404 (  36.53kB)
    Total RW  Size (RW Data + ZI Data)              7888 (   7.70kB)
    Total ROM Size (Code + RO Data + RW Data)      37456 (  36.58kB)

==============================================================================

