<html>
<body>
<pre>
<h1>µVision Build Log</h1>
<h2>Tool Versions:</h2>
IDE-Version: µVision V5.16a
Copyright (C) 2015 ARM Ltd and ARM Germany GmbH. All rights reserved.
License Information: CLIVE CCC, CCC, LIC=MGX2Z-JZT6W-XAFDC-73NVG-YCSLW-IJJ2A
 
Tool Versions:
Toolchain:       MDK-ARM Professional  Version: 5.16a
Toolchain Path:  c:\Keil_v5\ARM\ARMCC\Bin
C Compiler:      Armcc.exe V5.06 (build 20)
Assembler:       Armasm.exe V5.06 (build 20)
Linker/Locator:  ArmLink.exe V5.06 (build 20)
Library Manager: ArmAr.exe V5.06 (build 20)
Hex Converter:   FromElf.exe V5.06 (build 20)
CPU DLL:         SARMCM3.DLL V5.16a
Dialog DLL:      DARMCM1.DLL V1.12.0.0
Target DLL:      Segger\JL2CM3.dll V2.99.15.2
Dialog DLL:      TARMCM1.DLL V1.9.0.0
 
<h2>Project:</h2>
C:\Users\boydc\Documents\_SmartCaneARM\_SmartCane\peripheral\uart\pca10028\arm5\uart_pca10028.uvprojx
Project File Date:  12/09/2015

<h2>Output:</h2>
*** Using Compiler 'V5.06 (build 20)', folder: 'c:\Keil_v5\ARM\ARMCC\Bin'
Rebuild target '51822'
assembling arm_startup_nrf51.s...
compiling main.c...
..\..\main.c(595): warning:  #223-D: function "readNRF_TEMP" declared implicitly
  	printf("\x1B[12;44H%+4.1f ", (float) readNRF_TEMP());					// Processor Temperature
..\..\main.c(660): warning:  #223-D: function "readQuaternion" declared implicitly
  	readQuaternion(Quaternion);								// QUARTERNION   ---> NOT UPDATING FILTER
..\..\main.c(711): warning:  #223-D: function "MPL3115A2_getPressureSeaLevel" declared implicitly
  		printf("\x1B[07;21H%+4.2f ", (float)MPL3115A2_getPressureSeaLevel()); 
..\..\main.c(1036): warning:  #223-D: function "MPU9150_init" declared implicitly
  	MPU9150_init();							// Gyro, Accelerometer, Magnetometer (Compass) and Temperature I2C
..\..\main.c(110): warning:  #177-D: function "DeviceNameFromID" was declared but never referenced
  static void DeviceNameFromID(char* name, int len)	//Redefine Device name with Device ID + Device Name
..\..\main.c: 5 warnings, 0 errors
compiling MPU_9150.c...
..\..\MPU_9150.c(395): warning:  #177-D: variable "status" was declared but never referenced
  	unsigned char status = 0;
..\..\MPU_9150.c(50): warning:  #177-D: variable "GyroMeasError" was declared but never referenced
  static const float GyroMeasError = PI * (60.0f / 180.0f);		// gyroscope measurement error in rads/s (start at 60 deg/s), then reduce after ~10 s to 3
..\..\MPU_9150.c(52): warning:  #177-D: variable "GyroMeasDrift" was declared but never referenced
  static const float GyroMeasDrift = PI * (1.0f / 180.0f);		// gyroscope measurement drift in rad/s/s (start at 0.0 deg/s/s)
..\..\MPU_9150.c(53): warning:  #177-D: variable "zeta" was declared but never referenced
  static const float zeta = 0.0151149947019518154f;				// compute zeta, the other free parameter in the Madgwick scheme usually set to a small or zero value
..\..\MPU_9150.c: 4 warnings, 0 errors
compiling Communication.c...
compiling ds2401.c...
compiling ltc2943.c...
compiling MPL3115.c...
..\..\MPL3115.c(267): warning:  #1-D: last line of file ends without a newline
  	}
..\..\MPL3115.c: 1 warning, 0 errors
compiling twi_hw_master.c...
compiling system_nrf51.c...
compiling app_uart_fifo.c...
compiling app_fifo.c...
compiling nrf_delay.c...
compiling app_error.c...
compiling app_util_platform.c...
compiling retarget.c...
compiling app_gpiote.c...
linking...
Program Size: Code=28944 RO-data=632 RW-data=220 ZI-data=2788  
FromELF: creating hex file...
".\_build\nrf51822_xxaa.axf" - 0 Error(s), 10 Warning(s).

<h2>Software Packages used:</h2>

Package Vendor: ARM
                http://www.keil.com/pack/ARM.CMSIS.4.3.0.pack
                ARM::CMSIS:CORE:4.1.0
                CMSIS (Cortex Microcontroller Software Interface Standard)
   * Component: CORE Version: 4.1.0

Package Vendor: NordicSemiconductor
                http://developer.nordicsemi.com/nRF51_SDK/pieces/nRF_DeviceFamilyPack/NordicSemiconductor.nRF_DeviceFamilyPack.8.0.3.pack
                NordicSemiconductor::Device:Startup:8.0.3
                Nordic Semiconductor nRF ARM devices Device Family Pack.
   * Component: Startup Version: 8.0.3

Package Vendor: NordicSemiconductor
                http://developer.nordicsemi.com/nRF51_SDK/pieces/nRF_Drivers/NordicSemiconductor.nRF_Drivers.2.0.0.pack
                NordicSemiconductor::nRF_Drivers:nrf_delay:2.0.0
                Drivers for Nordic Semiconductor nRF family.
   * Component: nrf_delay Version: 2.0.0
   * Component: nrf_gpio Version: 2.0.0
   * Component: nrf_error Variant: No_softdevice Version: 2.0.0
   * Component: twi_master Variant: Hardware Version: 2.0.0
   * Component: app_uart Variant: Fifo Version: 2.0.0

Package Vendor: NordicSemiconductor
                http://developer.nordicsemi.com/nRF51_SDK/pieces/nRF_Examples/NordicSemiconductor.nRF_Examples.8.0.0.pack
                NordicSemiconductor::Board Support:bsp:Defines:8.0.0
                Examples and BSP for Nordic Semiconductor nRF family.
   * Component: bsp Variant: Defines Version: 8.0.0

Package Vendor: NordicSemiconductor
                http://developer.nordicsemi.com/nRF51_SDK/pieces/nRF_Libraries/NordicSemiconductor.nRF_Libraries.2.0.0.pack
                NordicSemiconductor::nRF_Libraries:app_error:2.0.0
                Software modules for Nordic Semiconductor nRF family.
   * Component: app_error Version: 2.0.0
   * Component: app_gpiote Variant: default Version: 2.0.0
   * Component: retarget Version: 2.0.0
   * Component: app_fifo Version: 2.0.0
   * Component: app_util Variant: No_softdevice Version: 2.0.0

<h2>Collection of Component include folders:</h2>
  C:\Users\boydc\Documents\_SmartCaneARM\_SmartCane\peripheral\uart\pca10028\arm5\RTE
  C:\Users\boydc\Documents\_SmartCaneARM\_SmartCane\peripheral\uart\pca10028\arm5\RTE\nRF_Drivers\nRF51822_xxAA
  C:\Users\boydc\Documents\_SmartCaneARM\_SmartCane\peripheral\uart\pca10028\arm5\RTE\nRF_Libraries\nRF51822_xxAA
  c:\Keil_v5\ARM\PACK\ARM\CMSIS\4.3.0\CMSIS\Include
  c:\Keil_v5\ARM\PACK\NordicSemiconductor\nRF_DeviceFamilyPack\8.0.3\Device\Include
  c:\Keil_v5\ARM\PACK\NordicSemiconductor\nRF_Drivers\2.0.0\hal
  c:\Keil_v5\ARM\PACK\NordicSemiconductor\nRF_Drivers\2.0.0\nrf_soc_nosd
  c:\Keil_v5\ARM\PACK\NordicSemiconductor\nRF_Drivers\2.0.0\twi_master
  c:\Keil_v5\ARM\PACK\NordicSemiconductor\nRF_Drivers\2.0.0\twi_master\config
  c:\Keil_v5\ARM\PACK\NordicSemiconductor\nRF_Drivers\2.0.0\uart
  c:\Keil_v5\ARM\PACK\NordicSemiconductor\nRF_Examples\8.0.0\bsp
  c:\Keil_v5\ARM\PACK\NordicSemiconductor\nRF_Libraries\2.0.0\fifo
  c:\Keil_v5\ARM\PACK\NordicSemiconductor\nRF_Libraries\2.0.0\gpiote
  c:\Keil_v5\ARM\PACK\NordicSemiconductor\nRF_Libraries\2.0.0\util

<h2>Collection of Component Files used:</h2>

   * Component: ARM::CMSIS:CORE:4.1.0

   * Component: NordicSemiconductor::Device:Startup:8.0.3
      Source file:   Device\Source\arm\arm_startup_nrf51.s
      Source file:   Device\Source\system_nrf51.c
      Include file:  Device\Include\system_nrf51.h

   * Component: NordicSemiconductor::nRF_Drivers:nrf_delay:2.0.0
      Source file:   hal\nrf_delay.c
      Include file:  hal\nrf_delay.h

   * Component: NordicSemiconductor::nRF_Drivers:nrf_gpio:2.0.0
      Include file:  hal\nrf_gpio.h

   * Component: NordicSemiconductor::nRF_Drivers:nrf_error:No_softdevice:2.0.0

   * Component: NordicSemiconductor::nRF_Drivers:twi_master:Hardware:2.0.0
      Source file:   twi_master\twi_hw_master.c
      Include file:  twi_master\twi_master.h
      Include file:  twi_master\config\twi_master_config.h

   * Component: NordicSemiconductor::nRF_Drivers:app_uart:Fifo:2.0.0
      Source file:   uart\app_uart_fifo.c
      Include file:  uart\app_uart.h

   * Component: NordicSemiconductor::Board Support:bsp:Defines:8.0.0

   * Component: NordicSemiconductor::nRF_Libraries:app_error:2.0.0
      Source file:   util\app_error.c
      Include file:  util\app_error.h

   * Component: NordicSemiconductor::nRF_Libraries:app_gpiote:default:2.0.0
      Source file:   gpiote\app_gpiote.c
      Include file:  gpiote\app_gpiote.h

   * Component: NordicSemiconductor::nRF_Libraries:retarget:2.0.0
      Source file:   uart\retarget.c

   * Component: NordicSemiconductor::nRF_Libraries:app_fifo:2.0.0
      Source file:   fifo\app_fifo.c
      Include file:  fifo\app_fifo.h

   * Component: NordicSemiconductor::nRF_Libraries:app_util:No_softdevice:2.0.0
      Source file:   util\app_util_platform.c
Build Time Elapsed:  00:00:06
</pre>
</body>
</html>
